ARM Linker, 4.1 [Build 481] [Evaluation]

==============================================================================

Section Cross References

    main.o(.text) refers to stm32f10x_gpio.o(.text) for GPIO_WriteBit
    main.o(.text) refers to stm32f10x_tim.o(.text) for TIM_SetCompare1
    main.o(.text) refers to misc.o(.text) for NVIC_Init
    main.o(.text) refers to stm32f10x_i2c.o(.text) for I2C_Init
    main.o(.text) refers to main.o(.data) for NRF905_DATA_BUF
    main.o(.text) refers to system_stm32f10x.o(.text) for SystemInit
    main.o(.text) refers to stm32f10x_rcc.o(.text) for RCC_APB2PeriphClockCmd
    main.o(.text) refers to i2c_mpu6050.o(.text) for MPU6050_Init
    main.o(.text) refers to fadd.o(.text) for __aeabi_fsub
    main.o(.text) refers to fmul.o(.text) for __aeabi_fmul
    main.o(.text) refers to cfrcmple.o(.text) for __aeabi_cfrcmple
    main.o(.text) refers to ffltui.o(.text) for __aeabi_ui2f
    main.o(.text) refers to ffixui.o(.text) for __aeabi_f2uiz
    main.o(.text) refers to fflti.o(.text) for __aeabi_i2f
    main.o(.text) refers to kalman.o(.text) for CalAngle_Kalman
    main.o(.text) refers to kalman.o(.data) for Angle_X_Kalman
    i2c_mpu6050.o(.text) refers to stm32f10x_i2c.o(.text) for I2C_GenerateSTART
    kalman.o(.text) refers to fadd.o(.text) for __aeabi_fsub
    kalman.o(.text) refers to fmul.o(.text) for __aeabi_fmul
    kalman.o(.text) refers to ffltui.o(.text) for __aeabi_ui2f
    kalman.o(.text) refers to fdiv.o(.text) for __aeabi_fdiv
    kalman.o(.text) refers to kalman.o(.data) for Q_bias
    kalman.o(.text) refers to kalman.o(.bss) for Pdot
    kalman.o(.text) refers to cfcmple.o(.text) for __aeabi_cfcmple
    kalman.o(.text) refers to f2d.o(.text) for __aeabi_f2d
    kalman.o(.text) refers to atan.o(i.atan) for atan
    kalman.o(.text) refers to dmul.o(.text) for __aeabi_dmul
    kalman.o(.text) refers to ddiv.o(.text) for __aeabi_ddiv
    kalman.o(.text) refers to d2f.o(.text) for __aeabi_d2f
    kalman.o(.text) refers to cfrcmple.o(.text) for __aeabi_cfrcmple
    system_stm32f10x.o(.text) refers to system_stm32f10x.o(.data) for SystemCoreClock
    stm32f10x_gpio.o(.text) refers to stm32f10x_rcc.o(.text) for RCC_APB2PeriphResetCmd
    stm32f10x_i2c.o(.text) refers to stm32f10x_rcc.o(.text) for RCC_APB1PeriphResetCmd
    stm32f10x_rcc.o(.text) refers to stm32f10x_rcc.o(.data) for APBAHBPrescTable
    stm32f10x_tim.o(.text) refers to stm32f10x_rcc.o(.text) for RCC_APB2PeriphResetCmd
    stm32f10x_usart.o(.text) refers to stm32f10x_rcc.o(.text) for RCC_APB2PeriphResetCmd
    startup_stm32f10x_hd.o(RESET) refers to startup_stm32f10x_hd.o(STACK) for __initial_sp
    startup_stm32f10x_hd.o(RESET) refers to startup_stm32f10x_hd.o(.text) for Reset_Handler
    startup_stm32f10x_hd.o(RESET) refers to stm32f10x_it.o(.text) for NMI_Handler
    startup_stm32f10x_hd.o(RESET) refers to main.o(.text) for TIM2_IRQHandler
    startup_stm32f10x_hd.o(.text) refers to system_stm32f10x.o(.text) for SystemInit
    startup_stm32f10x_hd.o(.text) refers to entry.o(.ARM.Collect$$$$00000000) for __main
    atan.o(i.__softfp_atan) refers (Special) to iusefp.o(.text) for __I$use$fp
    atan.o(i.__softfp_atan) refers to atan.o(i.atan) for atan
    atan.o(i.atan) refers (Special) to iusefp.o(.text) for __I$use$fp
    atan.o(i.atan) refers to dscalb.o(.text) for scalbn
    atan.o(i.atan) refers to fpclassify.o(i.__ARM_fpclassify) for __ARM_fpclassify
    atan.o(i.atan) refers to dunder.o(i.__mathlib_dbl_underflow) for __mathlib_dbl_underflow
    atan.o(i.atan) refers to dadd.o(.text) for __aeabi_dadd
    atan.o(i.atan) refers to ddiv.o(.text) for __aeabi_ddiv
    atan.o(i.atan) refers to dmul.o(.text) for __aeabi_dmul
    atan.o(i.atan) refers to poly.o(i.__kernel_poly) for __kernel_poly
    atan.o(i.atan) refers to atan.o(.constdata) for .constdata
    atan.o(.constdata) refers (Special) to iusefp.o(.text) for __I$use$fp
    atan_x.o(i.____softfp_atan$lsc) refers (Special) to iusefp.o(.text) for __I$use$fp
    atan_x.o(i.____softfp_atan$lsc) refers to atan_x.o(i.__atan$lsc) for __atan$lsc
    atan_x.o(i.__atan$lsc) refers (Special) to iusefp.o(.text) for __I$use$fp
    atan_x.o(i.__atan$lsc) refers to dscalb.o(.text) for scalbn
    atan_x.o(i.__atan$lsc) refers to dadd.o(.text) for __aeabi_dadd
    atan_x.o(i.__atan$lsc) refers to ddiv.o(.text) for __aeabi_ddiv
    atan_x.o(i.__atan$lsc) refers to dmul.o(.text) for __aeabi_dmul
    atan_x.o(i.__atan$lsc) refers to poly.o(i.__kernel_poly) for __kernel_poly
    atan_x.o(i.__atan$lsc) refers to atan_x.o(.constdata) for .constdata
    atan_x.o(.constdata) refers (Special) to iusefp.o(.text) for __I$use$fp
    entry.o(.ARM.Collect$$$$00000000) refers (Special) to entry7.o(.ARM.Collect$$$$00000007) for _main_init
    entry.o(.ARM.Collect$$$$00000000) refers (Special) to entry5.o(.ARM.Collect$$$$00000004) for _main_scatterload
    entry.o(.ARM.Collect$$$$00000000) refers (Special) to entry2.o(.ARM.Collect$$$$00000001) for _main_stk
    fadd.o(.text) refers (Special) to iusefp.o(.text) for __I$use$fp
    fadd.o(.text) refers to fepilogue.o(.text) for _float_epilogue
    fmul.o(.text) refers (Special) to iusefp.o(.text) for __I$use$fp
    fdiv.o(.text) refers (Special) to iusefp.o(.text) for __I$use$fp
    fdiv.o(.text) refers to fepilogue.o(.text) for _float_round
    dmul.o(.text) refers (Special) to iusefp.o(.text) for __I$use$fp
    dmul.o(.text) refers to depilogue.o(.text) for _double_epilogue
    ddiv.o(.text) refers (Special) to iusefp.o(.text) for __I$use$fp
    ddiv.o(.text) refers to depilogue.o(.text) for _double_round
    fflti.o(.text) refers (Special) to iusefp.o(.text) for __I$use$fp
    fflti.o(.text) refers to fepilogue.o(.text) for _float_epilogue
    ffltui.o(.text) refers (Special) to iusefp.o(.text) for __I$use$fp
    ffltui.o(.text) refers to fepilogue.o(.text) for _float_epilogue
    ffixui.o(.text) refers (Special) to iusefp.o(.text) for __I$use$fp
    f2d.o(.text) refers (Special) to iusefp.o(.text) for __I$use$fp
    d2f.o(.text) refers (Special) to iusefp.o(.text) for __I$use$fp
    d2f.o(.text) refers to fepilogue.o(.text) for _float_round
    cfcmple.o(.text) refers (Special) to iusefp.o(.text) for __I$use$fp
    cfrcmple.o(.text) refers (Special) to iusefp.o(.text) for __I$use$fp
    dunder.o(i.__mathlib_dbl_underflow) refers to dscalb.o(.text) for scalbn
    fpclassify.o(i.__ARM_fpclassify) refers (Special) to iusefp.o(.text) for __I$use$fp
    poly.o(i.__kernel_poly) refers (Special) to iusefp.o(.text) for __I$use$fp
    poly.o(i.__kernel_poly) refers to dmul.o(.text) for __aeabi_dmul
    poly.o(i.__kernel_poly) refers to dadd.o(.text) for __aeabi_dadd
    entry2.o(.ARM.Collect$$$$00000001) refers to entry2.o(.ARM.Collect$$$$00002712) for __lit__00000000
    entry2.o(.ARM.Collect$$$$00002712) refers to startup_stm32f10x_hd.o(STACK) for __initial_sp
    entry2.o(__vectab_stack_and_reset_area) refers to startup_stm32f10x_hd.o(STACK) for __initial_sp
    entry2.o(__vectab_stack_and_reset_area) refers to entry.o(.ARM.Collect$$$$00000000) for __main
    entry5.o(.ARM.Collect$$$$00000004) refers to init.o(.text) for __scatterload
    entry7.o(.ARM.Collect$$$$00000007) refers to main.o(.text) for main
    depilogue.o(.text) refers to llshl.o(.text) for __aeabi_llsl
    depilogue.o(.text) refers to llushr.o(.text) for __aeabi_llsr
    dadd.o(.text) refers to llshl.o(.text) for __aeabi_llsl
    dadd.o(.text) refers to llsshr.o(.text) for __aeabi_lasr
    dadd.o(.text) refers to depilogue.o(.text) for _double_epilogue
    init.o(.text) refers to entry5.o(.ARM.Collect$$$$00000004) for __main_after_scatterload


==============================================================================

Removing Unused input sections from the image.

    Removing core_cm3.o(.emb_text), (32 bytes).
    Removing stm32f10x_usart.o(.text), (1036 bytes).
    Removing startup_stm32f10x_hd.o(HEAP), (512 bytes).

3 unused section(s) (total 1580 bytes) removed from the image.

==============================================================================

Image Symbol Table

    Local Symbols

    Symbol Name                              Value     Ov Type        Size  Object(Section)

    ../../atan.c                             0x00000000   Number         0  atan.o ABSOLUTE
    ../../atan.c                             0x00000000   Number         0  atan_x.o ABSOLUTE
    ../../dunder.c                           0x00000000   Number         0  dunder.o ABSOLUTE
    ../../fpclassify.c                       0x00000000   Number         0  fpclassify.o ABSOLUTE
    ../../microlib/d2f.c                     0x00000000   Number         0  d2f.o ABSOLUTE
    ../../microlib/f2d.c                     0x00000000   Number         0  f2d.o ABSOLUTE
    ../../microlib/fpadd.c                   0x00000000   Number         0  fadd.o ABSOLUTE
    ../../microlib/fpadd.c                   0x00000000   Number         0  dadd.o ABSOLUTE
    ../../microlib/fpdiv.c                   0x00000000   Number         0  ddiv.o ABSOLUTE
    ../../microlib/fpdiv.c                   0x00000000   Number         0  fdiv.o ABSOLUTE
    ../../microlib/fpepilogue.c              0x00000000   Number         0  depilogue.o ABSOLUTE
    ../../microlib/fpepilogue.c              0x00000000   Number         0  fepilogue.o ABSOLUTE
    ../../microlib/fpfix.c                   0x00000000   Number         0  ffixui.o ABSOLUTE
    ../../microlib/fpflt.c                   0x00000000   Number         0  ffltui.o ABSOLUTE
    ../../microlib/fpflt.c                   0x00000000   Number         0  fflti.o ABSOLUTE
    ../../microlib/fpmul.c                   0x00000000   Number         0  fmul.o ABSOLUTE
    ../../microlib/fpmul.c                   0x00000000   Number         0  dmul.o ABSOLUTE
    ../../microlib/fpscalb.c                 0x00000000   Number         0  dscalb.o ABSOLUTE
    ../../microlib/init/entry.s              0x00000000   Number         0  entry7.o ABSOLUTE
    ../../microlib/init/entry.s              0x00000000   Number         0  entry5.o ABSOLUTE
    ../../microlib/init/entry.s              0x00000000   Number         0  entry2.o ABSOLUTE
    ../../microlib/init/entry.s              0x00000000   Number         0  entry.o ABSOLUTE
    ../../microlib/longlong.c                0x00000000   Number         0  llsshr.o ABSOLUTE
    ../../microlib/longlong.c                0x00000000   Number         0  llushr.o ABSOLUTE
    ../../microlib/longlong.c                0x00000000   Number         0  llshl.o ABSOLUTE
    ../../microlib/stubs.s                   0x00000000   Number         0  iusefp.o ABSOLUTE
    ../../poly.c                             0x00000000   Number         0  poly.o ABSOLUTE
    ..\..\STM32F103ZE\CMSIS\core_cm3.c       0x00000000   Number         0  core_cm3.o ABSOLUTE
    ..\..\STM32F103ZE\CMSIS\stm32f10x_it.c   0x00000000   Number         0  stm32f10x_it.o ABSOLUTE
    ..\..\STM32F103ZE\CMSIS\system_stm32f10x.c 0x00000000   Number         0  system_stm32f10x.o ABSOLUTE
    ..\..\STM32F103ZE\Libraries\src\misc.c   0x00000000   Number         0  misc.o ABSOLUTE
    ..\..\STM32F103ZE\Libraries\src\stm32f10x_gpio.c 0x00000000   Number         0  stm32f10x_gpio.o ABSOLUTE
    ..\..\STM32F103ZE\Libraries\src\stm32f10x_i2c.c 0x00000000   Number         0  stm32f10x_i2c.o ABSOLUTE
    ..\..\STM32F103ZE\Libraries\src\stm32f10x_rcc.c 0x00000000   Number         0  stm32f10x_rcc.o ABSOLUTE
    ..\..\STM32F103ZE\Libraries\src\stm32f10x_tim.c 0x00000000   Number         0  stm32f10x_tim.o ABSOLUTE
    ..\..\STM32F103ZE\Libraries\src\stm32f10x_usart.c 0x00000000   Number         0  stm32f10x_usart.o ABSOLUTE
    ..\..\STM32F103ZE\Startup\startup_stm32f10x_hd.s 0x00000000   Number         0  startup_stm32f10x_hd.o ABSOLUTE
    ..\App\I2C_MPU6050.c                     0x00000000   Number         0  i2c_mpu6050.o ABSOLUTE
    ..\App\kalman.c                          0x00000000   Number         0  kalman.o ABSOLUTE
    ..\App\main.c                            0x00000000   Number         0  main.o ABSOLUTE
    ..\\..\\STM32F103ZE\\CMSIS\\core_cm3.c   0x00000000   Number         0  core_cm3.o ABSOLUTE
    cfcmple.s                                0x00000000   Number         0  cfcmple.o ABSOLUTE
    cfrcmple.s                               0x00000000   Number         0  cfrcmple.o ABSOLUTE
    dc.s                                     0x00000000   Number         0  dc.o ABSOLUTE
    handlers.s                               0x00000000   Number         0  handlers.o ABSOLUTE
    init.s                                   0x00000000   Number         0  init.o ABSOLUTE
    RESET                                    0x08000000   Section      304  startup_stm32f10x_hd.o(RESET)
    .ARM.Collect$$$$00000000                 0x08000130   Section        0  entry.o(.ARM.Collect$$$$00000000)
    .ARM.Collect$$$$00000001                 0x08000130   Section        4  entry2.o(.ARM.Collect$$$$00000001)
    .ARM.Collect$$$$00000004                 0x08000134   Section        4  entry5.o(.ARM.Collect$$$$00000004)
    .ARM.Collect$$$$00000007                 0x08000138   Section        8  entry7.o(.ARM.Collect$$$$00000007)
    .ARM.Collect$$$$00002712                 0x08000140   Section        4  entry2.o(.ARM.Collect$$$$00002712)
    __lit__00000000                          0x08000140   Data           4  entry2.o(.ARM.Collect$$$$00002712)
    .text                                    0x08000144   Section        0  main.o(.text)
    NRF905_Delay                             0x08000145   Thumb Code    26  main.o(.text)
    .text                                    0x08000b0c   Section        0  i2c_mpu6050.o(.text)
    .text                                    0x08000ca8   Section        0  kalman.o(.text)
    .text                                    0x08001448   Section        0  stm32f10x_it.o(.text)
    .text                                    0x08001464   Section        0  system_stm32f10x.o(.text)
    SetSysClockTo72                          0x08001465   Thumb Code   192  system_stm32f10x.o(.text)
    SetSysClock                              0x08001525   Thumb Code     8  system_stm32f10x.o(.text)
    .text                                    0x0800162c   Section        0  misc.o(.text)
    .text                                    0x08001724   Section        0  stm32f10x_gpio.o(.text)
    .text                                    0x08001a7c   Section        0  stm32f10x_i2c.o(.text)
    .text                                    0x08001e6c   Section        0  stm32f10x_rcc.o(.text)
    .text                                    0x08002210   Section        0  stm32f10x_tim.o(.text)
    TI4_Config                               0x08002699   Thumb Code   118  stm32f10x_tim.o(.text)
    TI3_Config                               0x08002721   Thumb Code   114  stm32f10x_tim.o(.text)
    TI2_Config                               0x080027a9   Thumb Code   118  stm32f10x_tim.o(.text)
    TI1_Config                               0x08002831   Thumb Code   106  stm32f10x_tim.o(.text)
    .text                                    0x08002fc0   Section       36  startup_stm32f10x_hd.o(.text)
    .text                                    0x08002fe4   Section        0  fadd.o(.text)
    .text                                    0x08003094   Section        0  fmul.o(.text)
    .text                                    0x08003100   Section        0  fdiv.o(.text)
    .text                                    0x08003180   Section        0  dmul.o(.text)
    .text                                    0x08003262   Section        0  ddiv.o(.text)
    .text                                    0x08003340   Section        0  fflti.o(.text)
    .text                                    0x08003352   Section        0  ffltui.o(.text)
    .text                                    0x0800335c   Section        0  ffixui.o(.text)
    .text                                    0x08003384   Section        0  f2d.o(.text)
    .text                                    0x080033b0   Section        0  d2f.o(.text)
    .text                                    0x080033e8   Section       20  cfcmple.o(.text)
    .text                                    0x080033fc   Section       20  cfrcmple.o(.text)
    .text                                    0x08003410   Section        0  fepilogue.o(.text)
    .text                                    0x08003410   Section        0  iusefp.o(.text)
    .text                                    0x08003480   Section        0  depilogue.o(.text)
    .text                                    0x08003542   Section        0  dadd.o(.text)
    .text                                    0x0800368c   Section        0  dscalb.o(.text)
    .text                                    0x080036bc   Section       36  init.o(.text)
    .text                                    0x080036e0   Section        0  llshl.o(.text)
    .text                                    0x080036fe   Section        0  llushr.o(.text)
    .text                                    0x0800371e   Section        0  llsshr.o(.text)
    i.__ARM_fpclassify                       0x08003742   Section        0  fpclassify.o(i.__ARM_fpclassify)
    i.__kernel_poly                          0x0800376a   Section        0  poly.o(i.__kernel_poly)
    i.__mathlib_dbl_underflow                0x08003814   Section        0  dunder.o(i.__mathlib_dbl_underflow)
    i.__scatterload_copy                     0x08003824   Section       14  handlers.o(i.__scatterload_copy)
    i.__scatterload_null                     0x08003832   Section        2  handlers.o(i.__scatterload_null)
    i.__scatterload_zeroinit                 0x08003834   Section       14  handlers.o(i.__scatterload_zeroinit)
    i.atan                                   0x08003844   Section        0  atan.o(i.atan)
    .constdata                               0x08003a68   Section      152  atan.o(.constdata)
    atanhi                                   0x08003a68   Data          32  atan.o(.constdata)
    atanlo                                   0x08003a88   Data          32  atan.o(.constdata)
    aTodd                                    0x08003aa8   Data          40  atan.o(.constdata)
    aTeven                                   0x08003ad0   Data          48  atan.o(.constdata)
    .data                                    0x20000000   Section      104  main.o(.data)
    .data                                    0x20000068   Section      112  kalman.o(.data)
    .data                                    0x200000d8   Section       20  system_stm32f10x.o(.data)
    .data                                    0x200000ec   Section       20  stm32f10x_rcc.o(.data)
    APBAHBPrescTable                         0x200000ec   Data          16  stm32f10x_rcc.o(.data)
    ADCPrescTable                            0x200000fc   Data           4  stm32f10x_rcc.o(.data)
    .bss                                     0x20000100   Section       16  kalman.o(.bss)
    STACK                                    0x20000110   Section     1024  startup_stm32f10x_hd.o(STACK)

    Global Symbols

    Symbol Name                              Value     Ov Type        Size  Object(Section)

    BuildAttributes$$THM_ISAv4$P$D$K$B$S$PE$A:L22UL41UL21$X:L11$S22US41US21$IEEE1$IW$USESV6$~STKCKD$USESV7$~SHL$OTIME$ROPI$IEEEX$EBA8$MICROLIB$REQ8$PRES8$EABIv2 0x00000000   Number         0  anon$$obj.o ABSOLUTE
    __ARM_use_no_argv                        0x00000000   Number         0  main.o ABSOLUTE
    __decompress                              - Undefined Weak Reference
    __Vectors_Size                           0x00000130   Number         0  startup_stm32f10x_hd.o ABSOLUTE
    __Vectors                                0x08000000   Data           4  startup_stm32f10x_hd.o(RESET)
    __Vectors_End                            0x08000130   Data           0  startup_stm32f10x_hd.o(RESET)
    __main                                   0x08000131   Thumb Code     0  entry.o(.ARM.Collect$$$$00000000)
    _main_stk                                0x08000131   Thumb Code     0  entry2.o(.ARM.Collect$$$$00000001)
    _main_scatterload                        0x08000135   Thumb Code     0  entry5.o(.ARM.Collect$$$$00000004)
    __main_after_scatterload                 0x08000139   Thumb Code     0  entry5.o(.ARM.Collect$$$$00000004)
    _main_init                               0x08000139   Thumb Code     0  entry7.o(.ARM.Collect$$$$00000007)
    NRF905_SpiWrite                          0x0800015f   Thumb Code    86  main.o(.text)
    NRF905_SpiRead                           0x080001b5   Thumb Code    88  main.o(.text)
    NRF905_Init                              0x0800020d   Thumb Code   130  main.o(.text)
    NRF905_Tx                                0x0800028f   Thumb Code   188  main.o(.text)
    NRF905_Rx                                0x0800034b   Thumb Code   114  main.o(.text)
    delay                                    0x080003bd   Thumb Code    30  main.o(.text)
    Moto_Init                                0x080003db   Thumb Code    84  main.o(.text)
    NVIC_Configuration                       0x0800042f   Thumb Code    32  main.o(.text)
    I2C_Configuration                        0x0800044f   Thumb Code    54  main.o(.text)
    TIM_Configuration                        0x08000485   Thumb Code   224  main.o(.text)
    GPIO_Configuration                       0x08000565   Thumb Code   114  main.o(.text)
    RCC_Configuration                        0x080005d7   Thumb Code    48  main.o(.text)
    main                                     0x08000607   Thumb Code    54  main.o(.text)
    Moto_Set                                 0x0800063d   Thumb Code    48  main.o(.text)
    Obj_Set_NRF905                           0x0800066d   Thumb Code   254  main.o(.text)
    Speed_Set_PID                            0x0800076b   Thumb Code   666  main.o(.text)
    TIM2_IRQHandler                          0x08000a05   Thumb Code   202  main.o(.text)
    I2C_ByteWrite                            0x08000b0d   Thumb Code   112  i2c_mpu6050.o(.text)
    I2C_ByteRead                             0x08000b7d   Thumb Code   192  i2c_mpu6050.o(.text)
    MPU6050_Init                             0x08000c3d   Thumb Code    56  i2c_mpu6050.o(.text)
    MPU6050_GetData                          0x08000c75   Thumb Code    38  i2c_mpu6050.o(.text)
    Kalman_Filter_Y                          0x08000ca9   Thumb Code   558  kalman.o(.text)
    Kalman_Filter_X                          0x08000ed7   Thumb Code   636  kalman.o(.text)
    CalAngle_Kalman                          0x08001153   Thumb Code   692  kalman.o(.text)
    NMI_Handler                              0x08001449   Thumb Code     2  stm32f10x_it.o(.text)
    HardFault_Handler                        0x0800144b   Thumb Code     4  stm32f10x_it.o(.text)
    MemManage_Handler                        0x0800144f   Thumb Code     4  stm32f10x_it.o(.text)
    BusFault_Handler                         0x08001453   Thumb Code     4  stm32f10x_it.o(.text)
    UsageFault_Handler                       0x08001457   Thumb Code     4  stm32f10x_it.o(.text)
    SVC_Handler                              0x0800145b   Thumb Code     2  stm32f10x_it.o(.text)
    DebugMon_Handler                         0x0800145d   Thumb Code     2  stm32f10x_it.o(.text)
    PendSV_Handler                           0x0800145f   Thumb Code     2  stm32f10x_it.o(.text)
    SysTick_Handler                          0x08001461   Thumb Code     2  stm32f10x_it.o(.text)
    SystemInit                               0x0800152d   Thumb Code    78  system_stm32f10x.o(.text)
    SystemCoreClockUpdate                    0x0800157b   Thumb Code   142  system_stm32f10x.o(.text)
    NVIC_PriorityGroupConfig                 0x0800162d   Thumb Code    10  misc.o(.text)
    NVIC_Init                                0x08001637   Thumb Code   118  misc.o(.text)
    NVIC_SetVectorTable                      0x080016ad   Thumb Code    12  misc.o(.text)
    NVIC_SystemLPConfig                      0x080016b9   Thumb Code    38  misc.o(.text)
    SysTick_CLKSourceConfig                  0x080016df   Thumb Code    40  misc.o(.text)
    GPIO_DeInit                              0x08001725   Thumb Code   172  stm32f10x_gpio.o(.text)
    GPIO_AFIODeInit                          0x080017d1   Thumb Code    20  stm32f10x_gpio.o(.text)
    GPIO_Init                                0x080017e5   Thumb Code   274  stm32f10x_gpio.o(.text)
    GPIO_StructInit                          0x080018f7   Thumb Code    16  stm32f10x_gpio.o(.text)
    GPIO_ReadInputDataBit                    0x08001907   Thumb Code    18  stm32f10x_gpio.o(.text)
    GPIO_ReadInputData                       0x08001919   Thumb Code     8  stm32f10x_gpio.o(.text)
    GPIO_ReadOutputDataBit                   0x08001921   Thumb Code    18  stm32f10x_gpio.o(.text)
    GPIO_ReadOutputData                      0x08001933   Thumb Code     8  stm32f10x_gpio.o(.text)
    GPIO_SetBits                             0x0800193b   Thumb Code     4  stm32f10x_gpio.o(.text)
    GPIO_ResetBits                           0x0800193f   Thumb Code     4  stm32f10x_gpio.o(.text)
    GPIO_WriteBit                            0x08001943   Thumb Code    10  stm32f10x_gpio.o(.text)
    GPIO_Write                               0x0800194d   Thumb Code     4  stm32f10x_gpio.o(.text)
    GPIO_PinLockConfig                       0x08001951   Thumb Code    18  stm32f10x_gpio.o(.text)
    GPIO_EventOutputConfig                   0x08001963   Thumb Code    26  stm32f10x_gpio.o(.text)
    GPIO_EventOutputCmd                      0x0800197d   Thumb Code     6  stm32f10x_gpio.o(.text)
    GPIO_PinRemapConfig                      0x08001983   Thumb Code   138  stm32f10x_gpio.o(.text)
    GPIO_EXTILineConfig                      0x08001a0d   Thumb Code    66  stm32f10x_gpio.o(.text)
    GPIO_ETH_MediaInterfaceConfig            0x08001a4f   Thumb Code     6  stm32f10x_gpio.o(.text)
    I2C_DeInit                               0x08001a7d   Thumb Code    50  stm32f10x_i2c.o(.text)
    I2C_Init                                 0x08001aaf   Thumb Code   222  stm32f10x_i2c.o(.text)
    I2C_StructInit                           0x08001b8d   Thumb Code    30  stm32f10x_i2c.o(.text)
    I2C_Cmd                                  0x08001bab   Thumb Code    24  stm32f10x_i2c.o(.text)
    I2C_DMACmd                               0x08001bc3   Thumb Code    24  stm32f10x_i2c.o(.text)
    I2C_DMALastTransferCmd                   0x08001bdb   Thumb Code    24  stm32f10x_i2c.o(.text)
    I2C_GenerateSTART                        0x08001bf3   Thumb Code    24  stm32f10x_i2c.o(.text)
    I2C_GenerateSTOP                         0x08001c0b   Thumb Code    24  stm32f10x_i2c.o(.text)
    I2C_AcknowledgeConfig                    0x08001c23   Thumb Code    24  stm32f10x_i2c.o(.text)
    I2C_OwnAddress2Config                    0x08001c3b   Thumb Code    22  stm32f10x_i2c.o(.text)
    I2C_DualAddressCmd                       0x08001c51   Thumb Code    24  stm32f10x_i2c.o(.text)
    I2C_GeneralCallCmd                       0x08001c69   Thumb Code    24  stm32f10x_i2c.o(.text)
    I2C_ITConfig                             0x08001c81   Thumb Code    24  stm32f10x_i2c.o(.text)
    I2C_SendData                             0x08001c99   Thumb Code     4  stm32f10x_i2c.o(.text)
    I2C_ReceiveData                          0x08001c9d   Thumb Code     8  stm32f10x_i2c.o(.text)
    I2C_Send7bitAddress                      0x08001ca5   Thumb Code    18  stm32f10x_i2c.o(.text)
    I2C_ReadRegister                         0x08001cb7   Thumb Code    12  stm32f10x_i2c.o(.text)
    I2C_SoftwareResetCmd                     0x08001cc3   Thumb Code    22  stm32f10x_i2c.o(.text)
    I2C_NACKPositionConfig                   0x08001cd9   Thumb Code    28  stm32f10x_i2c.o(.text)
    I2C_SMBusAlertConfig                     0x08001cf5   Thumb Code    28  stm32f10x_i2c.o(.text)
    I2C_TransmitPEC                          0x08001d11   Thumb Code    24  stm32f10x_i2c.o(.text)
    I2C_PECPositionConfig                    0x08001d29   Thumb Code    28  stm32f10x_i2c.o(.text)
    I2C_CalculatePEC                         0x08001d45   Thumb Code    24  stm32f10x_i2c.o(.text)
    I2C_GetPEC                               0x08001d5d   Thumb Code     8  stm32f10x_i2c.o(.text)
    I2C_ARPCmd                               0x08001d65   Thumb Code    24  stm32f10x_i2c.o(.text)
    I2C_StretchClockCmd                      0x08001d7d   Thumb Code    24  stm32f10x_i2c.o(.text)
    I2C_FastModeDutyCycleConfig              0x08001d95   Thumb Code    28  stm32f10x_i2c.o(.text)
    I2C_CheckEvent                           0x08001db1   Thumb Code    42  stm32f10x_i2c.o(.text)
    I2C_GetLastEvent                         0x08001ddb   Thumb Code    26  stm32f10x_i2c.o(.text)
    I2C_GetFlagStatus                        0x08001df5   Thumb Code    42  stm32f10x_i2c.o(.text)
    I2C_ClearFlag                            0x08001e1f   Thumb Code    12  stm32f10x_i2c.o(.text)
    I2C_GetITStatus                          0x08001e2b   Thumb Code    38  stm32f10x_i2c.o(.text)
    I2C_ClearITPendingBit                    0x08001e51   Thumb Code    12  stm32f10x_i2c.o(.text)
    RCC_DeInit                               0x08001e6d   Thumb Code    64  stm32f10x_rcc.o(.text)
    RCC_HSEConfig                            0x08001ead   Thumb Code    70  stm32f10x_rcc.o(.text)
    RCC_GetFlagStatus                        0x08001ef3   Thumb Code    56  stm32f10x_rcc.o(.text)
    RCC_WaitForHSEStartUp                    0x08001f2b   Thumb Code    48  stm32f10x_rcc.o(.text)
    RCC_AdjustHSICalibrationValue            0x08001f5b   Thumb Code    20  stm32f10x_rcc.o(.text)
    RCC_HSICmd                               0x08001f6f   Thumb Code     6  stm32f10x_rcc.o(.text)
    RCC_PLLConfig                            0x08001f75   Thumb Code    24  stm32f10x_rcc.o(.text)
    RCC_PLLCmd                               0x08001f8d   Thumb Code     6  stm32f10x_rcc.o(.text)
    RCC_SYSCLKConfig                         0x08001f93   Thumb Code    18  stm32f10x_rcc.o(.text)
    RCC_GetSYSCLKSource                      0x08001fa5   Thumb Code    10  stm32f10x_rcc.o(.text)
    RCC_HCLKConfig                           0x08001faf   Thumb Code    18  stm32f10x_rcc.o(.text)
    RCC_PCLK1Config                          0x08001fc1   Thumb Code    18  stm32f10x_rcc.o(.text)
    RCC_PCLK2Config                          0x08001fd3   Thumb Code    20  stm32f10x_rcc.o(.text)
    RCC_ITConfig                             0x08001fe7   Thumb Code    30  stm32f10x_rcc.o(.text)
    RCC_USBCLKConfig                         0x08002005   Thumb Code     6  stm32f10x_rcc.o(.text)
    RCC_ADCCLKConfig                         0x0800200b   Thumb Code    18  stm32f10x_rcc.o(.text)
    RCC_LSEConfig                            0x0800201d   Thumb Code    44  stm32f10x_rcc.o(.text)
    RCC_LSICmd                               0x08002049   Thumb Code     6  stm32f10x_rcc.o(.text)
    RCC_RTCCLKConfig                         0x0800204f   Thumb Code    12  stm32f10x_rcc.o(.text)
    RCC_RTCCLKCmd                            0x0800205b   Thumb Code     6  stm32f10x_rcc.o(.text)
    RCC_GetClocksFreq                        0x08002061   Thumb Code   192  stm32f10x_rcc.o(.text)
    RCC_AHBPeriphClockCmd                    0x08002121   Thumb Code    26  stm32f10x_rcc.o(.text)
    RCC_APB2PeriphClockCmd                   0x0800213b   Thumb Code    26  stm32f10x_rcc.o(.text)
    RCC_APB1PeriphClockCmd                   0x08002155   Thumb Code    26  stm32f10x_rcc.o(.text)
    RCC_APB2PeriphResetCmd                   0x0800216f   Thumb Code    26  stm32f10x_rcc.o(.text)
    RCC_APB1PeriphResetCmd                   0x08002189   Thumb Code    26  stm32f10x_rcc.o(.text)
    RCC_BackupResetCmd                       0x080021a3   Thumb Code     6  stm32f10x_rcc.o(.text)
    RCC_ClockSecuritySystemCmd               0x080021a9   Thumb Code     6  stm32f10x_rcc.o(.text)
    RCC_MCOConfig                            0x080021af   Thumb Code     6  stm32f10x_rcc.o(.text)
    RCC_ClearFlag                            0x080021b5   Thumb Code    14  stm32f10x_rcc.o(.text)
    RCC_GetITStatus                          0x080021c3   Thumb Code    20  stm32f10x_rcc.o(.text)
    RCC_ClearITPendingBit                    0x080021d7   Thumb Code     6  stm32f10x_rcc.o(.text)
    TIM_DeInit                               0x08002211   Thumb Code   424  stm32f10x_tim.o(.text)
    TIM_TimeBaseInit                         0x080023b9   Thumb Code   122  stm32f10x_tim.o(.text)
    TIM_OC1Init                              0x08002433   Thumb Code   132  stm32f10x_tim.o(.text)
    TIM_OC2Init                              0x080024b7   Thumb Code   146  stm32f10x_tim.o(.text)
    TIM_OC3Init                              0x08002549   Thumb Code   142  stm32f10x_tim.o(.text)
    TIM_OC4Init                              0x080025d7   Thumb Code   172  stm32f10x_tim.o(.text)
    TIM_SetIC4Prescaler                      0x08002683   Thumb Code    22  stm32f10x_tim.o(.text)
    TIM_SetIC3Prescaler                      0x0800270f   Thumb Code    18  stm32f10x_tim.o(.text)
    TIM_SetIC2Prescaler                      0x08002793   Thumb Code    22  stm32f10x_tim.o(.text)
    TIM_SetIC1Prescaler                      0x0800281f   Thumb Code    18  stm32f10x_tim.o(.text)
    TIM_ICInit                               0x0800289b   Thumb Code   150  stm32f10x_tim.o(.text)
    TIM_PWMIConfig                           0x08002931   Thumb Code   124  stm32f10x_tim.o(.text)
    TIM_BDTRConfig                           0x080029ad   Thumb Code    32  stm32f10x_tim.o(.text)
    TIM_TimeBaseStructInit                   0x080029cd   Thumb Code    18  stm32f10x_tim.o(.text)
    TIM_OCStructInit                         0x080029df   Thumb Code    20  stm32f10x_tim.o(.text)
    TIM_ICStructInit                         0x080029f3   Thumb Code    18  stm32f10x_tim.o(.text)
    TIM_BDTRStructInit                       0x08002a05   Thumb Code    18  stm32f10x_tim.o(.text)
    TIM_Cmd                                  0x08002a17   Thumb Code    24  stm32f10x_tim.o(.text)
    TIM_CtrlPWMOutputs                       0x08002a2f   Thumb Code    52  stm32f10x_tim.o(.text)
    TIM_ITConfig                             0x08002a63   Thumb Code    24  stm32f10x_tim.o(.text)
    TIM_GenerateEvent                        0x08002a7b   Thumb Code     4  stm32f10x_tim.o(.text)
    TIM_DMAConfig                            0x08002a7f   Thumb Code    10  stm32f10x_tim.o(.text)
    TIM_DMACmd                               0x08002a89   Thumb Code    24  stm32f10x_tim.o(.text)
    TIM_InternalClockConfig                  0x08002aa1   Thumb Code    12  stm32f10x_tim.o(.text)
    TIM_SelectInputTrigger                   0x08002aad   Thumb Code    18  stm32f10x_tim.o(.text)
    TIM_ITRxExternalClockConfig              0x08002abf   Thumb Code    24  stm32f10x_tim.o(.text)
    TIM_TIxExternalClockConfig               0x08002ad7   Thumb Code    62  stm32f10x_tim.o(.text)
    TIM_ETRConfig                            0x08002b15   Thumb Code    24  stm32f10x_tim.o(.text)
    TIM_ETRClockMode1Config                  0x08002b2d   Thumb Code    54  stm32f10x_tim.o(.text)
    TIM_ETRClockMode2Config                  0x08002b63   Thumb Code    32  stm32f10x_tim.o(.text)
    TIM_PrescalerConfig                      0x08002b83   Thumb Code     6  stm32f10x_tim.o(.text)
    TIM_CounterModeConfig                    0x08002b89   Thumb Code    18  stm32f10x_tim.o(.text)
    TIM_EncoderInterfaceConfig               0x08002b9b   Thumb Code    62  stm32f10x_tim.o(.text)
    TIM_ForcedOC1Config                      0x08002bd9   Thumb Code    18  stm32f10x_tim.o(.text)
    TIM_ForcedOC2Config                      0x08002beb   Thumb Code    22  stm32f10x_tim.o(.text)
    TIM_ForcedOC3Config                      0x08002c01   Thumb Code    18  stm32f10x_tim.o(.text)
    TIM_ForcedOC4Config                      0x08002c13   Thumb Code    22  stm32f10x_tim.o(.text)
    TIM_ARRPreloadConfig                     0x08002c29   Thumb Code    24  stm32f10x_tim.o(.text)
    TIM_SelectCOM                            0x08002c41   Thumb Code    24  stm32f10x_tim.o(.text)
    TIM_SelectCCDMA                          0x08002c59   Thumb Code    24  stm32f10x_tim.o(.text)
    TIM_CCPreloadControl                     0x08002c71   Thumb Code    24  stm32f10x_tim.o(.text)
    TIM_OC1PreloadConfig                     0x08002c89   Thumb Code    18  stm32f10x_tim.o(.text)
    TIM_OC2PreloadConfig                     0x08002c9b   Thumb Code    22  stm32f10x_tim.o(.text)
    TIM_OC3PreloadConfig                     0x08002cb1   Thumb Code    18  stm32f10x_tim.o(.text)
    TIM_OC4PreloadConfig                     0x08002cc3   Thumb Code    22  stm32f10x_tim.o(.text)
    TIM_OC1FastConfig                        0x08002cd9   Thumb Code    18  stm32f10x_tim.o(.text)
    TIM_OC2FastConfig                        0x08002ceb   Thumb Code    22  stm32f10x_tim.o(.text)
    TIM_OC3FastConfig                        0x08002d01   Thumb Code    18  stm32f10x_tim.o(.text)
    TIM_OC4FastConfig                        0x08002d13   Thumb Code    22  stm32f10x_tim.o(.text)
    TIM_ClearOC1Ref                          0x08002d29   Thumb Code    18  stm32f10x_tim.o(.text)
    TIM_ClearOC2Ref                          0x08002d3b   Thumb Code    20  stm32f10x_tim.o(.text)
    TIM_ClearOC3Ref                          0x08002d4f   Thumb Code    18  stm32f10x_tim.o(.text)
    TIM_ClearOC4Ref                          0x08002d61   Thumb Code    20  stm32f10x_tim.o(.text)
    TIM_OC1PolarityConfig                    0x08002d75   Thumb Code    18  stm32f10x_tim.o(.text)
    TIM_OC1NPolarityConfig                   0x08002d87   Thumb Code    18  stm32f10x_tim.o(.text)
    TIM_OC2PolarityConfig                    0x08002d99   Thumb Code    22  stm32f10x_tim.o(.text)
    TIM_OC2NPolarityConfig                   0x08002daf   Thumb Code    22  stm32f10x_tim.o(.text)
    TIM_OC3PolarityConfig                    0x08002dc5   Thumb Code    22  stm32f10x_tim.o(.text)
    TIM_OC3NPolarityConfig                   0x08002ddb   Thumb Code    22  stm32f10x_tim.o(.text)
    TIM_OC4PolarityConfig                    0x08002df1   Thumb Code    22  stm32f10x_tim.o(.text)
    TIM_CCxCmd                               0x08002e07   Thumb Code    34  stm32f10x_tim.o(.text)
    TIM_CCxNCmd                              0x08002e29   Thumb Code    34  stm32f10x_tim.o(.text)
    TIM_SelectOCxM                           0x08002e4b   Thumb Code    82  stm32f10x_tim.o(.text)
    TIM_UpdateDisableConfig                  0x08002e9d   Thumb Code    24  stm32f10x_tim.o(.text)
    TIM_UpdateRequestConfig                  0x08002eb5   Thumb Code    24  stm32f10x_tim.o(.text)
    TIM_SelectHallSensor                     0x08002ecd   Thumb Code    24  stm32f10x_tim.o(.text)
    TIM_SelectOnePulseMode                   0x08002ee5   Thumb Code    18  stm32f10x_tim.o(.text)
    TIM_SelectOutputTrigger                  0x08002ef7   Thumb Code    18  stm32f10x_tim.o(.text)
    TIM_SelectSlaveMode                      0x08002f09   Thumb Code    18  stm32f10x_tim.o(.text)
    TIM_SelectMasterSlaveMode                0x08002f1b   Thumb Code    18  stm32f10x_tim.o(.text)
    TIM_SetCounter                           0x08002f2d   Thumb Code     4  stm32f10x_tim.o(.text)
    TIM_SetAutoreload                        0x08002f31   Thumb Code     4  stm32f10x_tim.o(.text)
    TIM_SetCompare1                          0x08002f35   Thumb Code     4  stm32f10x_tim.o(.text)
    TIM_SetCompare2                          0x08002f39   Thumb Code     4  stm32f10x_tim.o(.text)
    TIM_SetCompare3                          0x08002f3d   Thumb Code     4  stm32f10x_tim.o(.text)
    TIM_SetCompare4                          0x08002f41   Thumb Code     6  stm32f10x_tim.o(.text)
    TIM_SetClockDivision                     0x08002f47   Thumb Code    18  stm32f10x_tim.o(.text)
    TIM_GetCapture1                          0x08002f59   Thumb Code     6  stm32f10x_tim.o(.text)
    TIM_GetCapture2                          0x08002f5f   Thumb Code     6  stm32f10x_tim.o(.text)
    TIM_GetCapture3                          0x08002f65   Thumb Code     6  stm32f10x_tim.o(.text)
    TIM_GetCapture4                          0x08002f6b   Thumb Code     8  stm32f10x_tim.o(.text)
    TIM_GetCounter                           0x08002f73   Thumb Code     6  stm32f10x_tim.o(.text)
    TIM_GetPrescaler                         0x08002f79   Thumb Code     6  stm32f10x_tim.o(.text)
    TIM_GetFlagStatus                        0x08002f7f   Thumb Code    18  stm32f10x_tim.o(.text)
    TIM_ClearFlag                            0x08002f91   Thumb Code     6  stm32f10x_tim.o(.text)
    TIM_GetITStatus                          0x08002f97   Thumb Code    34  stm32f10x_tim.o(.text)
    TIM_ClearITPendingBit                    0x08002fb9   Thumb Code     6  stm32f10x_tim.o(.text)
    Reset_Handler                            0x08002fc1   Thumb Code     8  startup_stm32f10x_hd.o(.text)
    ADC1_2_IRQHandler                        0x08002fdb   Thumb Code     0  startup_stm32f10x_hd.o(.text)
    ADC3_IRQHandler                          0x08002fdb   Thumb Code     0  startup_stm32f10x_hd.o(.text)
    CAN1_RX1_IRQHandler                      0x08002fdb   Thumb Code     0  startup_stm32f10x_hd.o(.text)
    CAN1_SCE_IRQHandler                      0x08002fdb   Thumb Code     0  startup_stm32f10x_hd.o(.text)
    DMA1_Channel1_IRQHandler                 0x08002fdb   Thumb Code     0  startup_stm32f10x_hd.o(.text)
    DMA1_Channel2_IRQHandler                 0x08002fdb   Thumb Code     0  startup_stm32f10x_hd.o(.text)
    DMA1_Channel3_IRQHandler                 0x08002fdb   Thumb Code     0  startup_stm32f10x_hd.o(.text)
    DMA1_Channel4_IRQHandler                 0x08002fdb   Thumb Code     0  startup_stm32f10x_hd.o(.text)
    DMA1_Channel5_IRQHandler                 0x08002fdb   Thumb Code     0  startup_stm32f10x_hd.o(.text)
    DMA1_Channel6_IRQHandler                 0x08002fdb   Thumb Code     0  startup_stm32f10x_hd.o(.text)
    DMA1_Channel7_IRQHandler                 0x08002fdb   Thumb Code     0  startup_stm32f10x_hd.o(.text)
    DMA2_Channel1_IRQHandler                 0x08002fdb   Thumb Code     0  startup_stm32f10x_hd.o(.text)
    DMA2_Channel2_IRQHandler                 0x08002fdb   Thumb Code     0  startup_stm32f10x_hd.o(.text)
    DMA2_Channel3_IRQHandler                 0x08002fdb   Thumb Code     0  startup_stm32f10x_hd.o(.text)
    DMA2_Channel4_5_IRQHandler               0x08002fdb   Thumb Code     0  startup_stm32f10x_hd.o(.text)
    EXTI0_IRQHandler                         0x08002fdb   Thumb Code     0  startup_stm32f10x_hd.o(.text)
    EXTI15_10_IRQHandler                     0x08002fdb   Thumb Code     0  startup_stm32f10x_hd.o(.text)
    EXTI1_IRQHandler                         0x08002fdb   Thumb Code     0  startup_stm32f10x_hd.o(.text)
    EXTI2_IRQHandler                         0x08002fdb   Thumb Code     0  startup_stm32f10x_hd.o(.text)
    EXTI3_IRQHandler                         0x08002fdb   Thumb Code     0  startup_stm32f10x_hd.o(.text)
    EXTI4_IRQHandler                         0x08002fdb   Thumb Code     0  startup_stm32f10x_hd.o(.text)
    EXTI9_5_IRQHandler                       0x08002fdb   Thumb Code     0  startup_stm32f10x_hd.o(.text)
    FLASH_IRQHandler                         0x08002fdb   Thumb Code     0  startup_stm32f10x_hd.o(.text)
    FSMC_IRQHandler                          0x08002fdb   Thumb Code     0  startup_stm32f10x_hd.o(.text)
    I2C1_ER_IRQHandler                       0x08002fdb   Thumb Code     0  startup_stm32f10x_hd.o(.text)
    I2C1_EV_IRQHandler                       0x08002fdb   Thumb Code     0  startup_stm32f10x_hd.o(.text)
    I2C2_ER_IRQHandler                       0x08002fdb   Thumb Code     0  startup_stm32f10x_hd.o(.text)
    I2C2_EV_IRQHandler                       0x08002fdb   Thumb Code     0  startup_stm32f10x_hd.o(.text)
    PVD_IRQHandler                           0x08002fdb   Thumb Code     0  startup_stm32f10x_hd.o(.text)
    RCC_IRQHandler                           0x08002fdb   Thumb Code     0  startup_stm32f10x_hd.o(.text)
    RTCAlarm_IRQHandler                      0x08002fdb   Thumb Code     0  startup_stm32f10x_hd.o(.text)
    RTC_IRQHandler                           0x08002fdb   Thumb Code     0  startup_stm32f10x_hd.o(.text)
    SDIO_IRQHandler                          0x08002fdb   Thumb Code     0  startup_stm32f10x_hd.o(.text)
    SPI1_IRQHandler                          0x08002fdb   Thumb Code     0  startup_stm32f10x_hd.o(.text)
    SPI2_IRQHandler                          0x08002fdb   Thumb Code     0  startup_stm32f10x_hd.o(.text)
    SPI3_IRQHandler                          0x08002fdb   Thumb Code     0  startup_stm32f10x_hd.o(.text)
    TAMPER_IRQHandler                        0x08002fdb   Thumb Code     0  startup_stm32f10x_hd.o(.text)
    TIM1_BRK_IRQHandler                      0x08002fdb   Thumb Code     0  startup_stm32f10x_hd.o(.text)
    TIM1_CC_IRQHandler                       0x08002fdb   Thumb Code     0  startup_stm32f10x_hd.o(.text)
    TIM1_TRG_COM_IRQHandler                  0x08002fdb   Thumb Code     0  startup_stm32f10x_hd.o(.text)
    TIM1_UP_IRQHandler                       0x08002fdb   Thumb Code     0  startup_stm32f10x_hd.o(.text)
    TIM3_IRQHandler                          0x08002fdb   Thumb Code     0  startup_stm32f10x_hd.o(.text)
    TIM4_IRQHandler                          0x08002fdb   Thumb Code     0  startup_stm32f10x_hd.o(.text)
    TIM5_IRQHandler                          0x08002fdb   Thumb Code     0  startup_stm32f10x_hd.o(.text)
    TIM6_IRQHandler                          0x08002fdb   Thumb Code     0  startup_stm32f10x_hd.o(.text)
    TIM7_IRQHandler                          0x08002fdb   Thumb Code     0  startup_stm32f10x_hd.o(.text)
    TIM8_BRK_IRQHandler                      0x08002fdb   Thumb Code     0  startup_stm32f10x_hd.o(.text)
    TIM8_CC_IRQHandler                       0x08002fdb   Thumb Code     0  startup_stm32f10x_hd.o(.text)
    TIM8_TRG_COM_IRQHandler                  0x08002fdb   Thumb Code     0  startup_stm32f10x_hd.o(.text)
    TIM8_UP_IRQHandler                       0x08002fdb   Thumb Code     0  startup_stm32f10x_hd.o(.text)
    UART4_IRQHandler                         0x08002fdb   Thumb Code     0  startup_stm32f10x_hd.o(.text)
    UART5_IRQHandler                         0x08002fdb   Thumb Code     0  startup_stm32f10x_hd.o(.text)
    USART1_IRQHandler                        0x08002fdb   Thumb Code     0  startup_stm32f10x_hd.o(.text)
    USART2_IRQHandler                        0x08002fdb   Thumb Code     0  startup_stm32f10x_hd.o(.text)
    USART3_IRQHandler                        0x08002fdb   Thumb Code     0  startup_stm32f10x_hd.o(.text)
    USBWakeUp_IRQHandler                     0x08002fdb   Thumb Code     0  startup_stm32f10x_hd.o(.text)
    USB_HP_CAN1_TX_IRQHandler                0x08002fdb   Thumb Code     0  startup_stm32f10x_hd.o(.text)
    USB_LP_CAN1_RX0_IRQHandler               0x08002fdb   Thumb Code     0  startup_stm32f10x_hd.o(.text)
    WWDG_IRQHandler                          0x08002fdb   Thumb Code     0  startup_stm32f10x_hd.o(.text)
    __aeabi_fadd                             0x08002fe5   Thumb Code   164  fadd.o(.text)
    __aeabi_fsub                             0x08003089   Thumb Code     6  fadd.o(.text)
    __aeabi_frsub                            0x0800308f   Thumb Code     6  fadd.o(.text)
    __aeabi_fmul                             0x08003095   Thumb Code   108  fmul.o(.text)
    __aeabi_fdiv                             0x08003101   Thumb Code   128  fdiv.o(.text)
    __aeabi_dmul                             0x08003181   Thumb Code   226  dmul.o(.text)
    __aeabi_ddiv                             0x08003263   Thumb Code   222  ddiv.o(.text)
    __aeabi_i2f                              0x08003341   Thumb Code    18  fflti.o(.text)
    __aeabi_ui2f                             0x08003353   Thumb Code    10  ffltui.o(.text)
    __aeabi_f2uiz                            0x0800335d   Thumb Code    40  ffixui.o(.text)
    __aeabi_f2d                              0x08003385   Thumb Code    44  f2d.o(.text)
    __aeabi_d2f                              0x080033b1   Thumb Code    56  d2f.o(.text)
    __aeabi_cfcmpeq                          0x080033e9   Thumb Code     0  cfcmple.o(.text)
    __aeabi_cfcmple                          0x080033e9   Thumb Code    20  cfcmple.o(.text)
    __aeabi_cfrcmple                         0x080033fd   Thumb Code    20  cfrcmple.o(.text)
    __I$use$fp                               0x08003411   Thumb Code     0  iusefp.o(.text)
    _float_round                             0x08003411   Thumb Code    18  fepilogue.o(.text)
    _float_epilogue                          0x08003423   Thumb Code    94  fepilogue.o(.text)
    _double_round                            0x08003481   Thumb Code    26  depilogue.o(.text)
    _double_epilogue                         0x0800349b   Thumb Code   168  depilogue.o(.text)
    __aeabi_dadd                             0x08003543   Thumb Code   318  dadd.o(.text)
    __aeabi_dsub                             0x08003681   Thumb Code     6  dadd.o(.text)
    __aeabi_drsub                            0x08003687   Thumb Code     6  dadd.o(.text)
    __ARM_scalbn                             0x0800368d   Thumb Code    46  dscalb.o(.text)
    scalbn                                   0x0800368d   Thumb Code     0  dscalb.o(.text)
    __scatterload                            0x080036bd   Thumb Code    28  init.o(.text)
    __scatterload_rt2                        0x080036bd   Thumb Code     0  init.o(.text)
    __aeabi_llsl                             0x080036e1   Thumb Code    30  llshl.o(.text)
    _ll_shift_l                              0x080036e1   Thumb Code     0  llshl.o(.text)
    __aeabi_llsr                             0x080036ff   Thumb Code    32  llushr.o(.text)
    _ll_ushift_r                             0x080036ff   Thumb Code     0  llushr.o(.text)
    __aeabi_lasr                             0x0800371f   Thumb Code    36  llsshr.o(.text)
    _ll_sshift_r                             0x0800371f   Thumb Code     0  llsshr.o(.text)
    __ARM_fpclassify                         0x08003743   Thumb Code    40  fpclassify.o(i.__ARM_fpclassify)
    __kernel_poly                            0x0800376b   Thumb Code   170  poly.o(i.__kernel_poly)
    __mathlib_dbl_underflow                  0x08003815   Thumb Code    10  dunder.o(i.__mathlib_dbl_underflow)
    __scatterload_copy                       0x08003825   Thumb Code    14  handlers.o(i.__scatterload_copy)
    __scatterload_null                       0x08003833   Thumb Code     2  handlers.o(i.__scatterload_null)
    __scatterload_zeroinit                   0x08003835   Thumb Code    14  handlers.o(i.__scatterload_zeroinit)
    atan                                     0x08003845   Thumb Code   480  atan.o(i.atan)
    Region$$Table$$Base                      0x08003b00   Number         0  anon$$obj.o(Region$$Table)
    Region$$Table$$Limit                     0x08003b20   Number         0  anon$$obj.o(Region$$Table)
    NRF905_RFConf                            0x20000000   Data          11  main.o(.data)
    NRF905_TxAddress                         0x2000000b   Data           4  main.o(.data)
    NRF905_data                              0x2000000f   Data           4  main.o(.data)
    obj1                                     0x20000013   Data           1  main.o(.data)
    obj2                                     0x20000014   Data           1  main.o(.data)
    obj3                                     0x20000015   Data           1  main.o(.data)
    obj4                                     0x20000016   Data           1  main.o(.data)
    speed1                                   0x20000017   Data           1  main.o(.data)
    speed2                                   0x20000018   Data           1  main.o(.data)
    speed3                                   0x20000019   Data           1  main.o(.data)
    speed4                                   0x2000001a   Data           1  main.o(.data)
    X_angle                                  0x2000001c   Data           4  main.o(.data)
    Y_angle                                  0x20000020   Data           4  main.o(.data)
    e1_X                                     0x20000024   Data           4  main.o(.data)
    e1_Y                                     0x20000028   Data           4  main.o(.data)
    e2_X                                     0x2000002c   Data           4  main.o(.data)
    e2_Y                                     0x20000030   Data           4  main.o(.data)
    e3_X                                     0x20000034   Data           4  main.o(.data)
    e3_Y                                     0x20000038   Data           4  main.o(.data)
    duk_X                                    0x2000003c   Data           4  main.o(.data)
    duk_Y                                    0x20000040   Data           4  main.o(.data)
    uk_X                                     0x20000044   Data           4  main.o(.data)
    uk_Y                                     0x20000048   Data           4  main.o(.data)
    NRF905_DATA_BUF                          0x2000004c   Data           1  main.o(.data)
    AX                                       0x20000050   Data           4  main.o(.data)
    AY                                       0x20000054   Data           4  main.o(.data)
    AZ                                       0x20000058   Data           4  main.o(.data)
    GX                                       0x2000005c   Data           4  main.o(.data)
    GY                                       0x20000060   Data           4  main.o(.data)
    GZ                                       0x20000064   Data           4  main.o(.data)
    Q_angle                                  0x20000068   Data           4  kalman.o(.data)
    Q_gyro                                   0x2000006c   Data           4  kalman.o(.data)
    R_angle                                  0x20000070   Data           4  kalman.o(.data)
    dt                                       0x20000074   Data           4  kalman.o(.data)
    C_0                                      0x20000078   Data           1  kalman.o(.data)
    PP                                       0x2000007c   Data          16  kalman.o(.data)
    Accel_x                                  0x2000008c   Data           4  kalman.o(.data)
    Accel_y                                  0x20000090   Data           4  kalman.o(.data)
    Accel_z                                  0x20000094   Data           4  kalman.o(.data)
    Gyro_x                                   0x20000098   Data           4  kalman.o(.data)
    Gyro_y                                   0x2000009c   Data           4  kalman.o(.data)
    Gyro_z                                   0x200000a0   Data           4  kalman.o(.data)
    Angle_x_temp                             0x200000a4   Data           4  kalman.o(.data)
    Angle_y_temp                             0x200000a8   Data           4  kalman.o(.data)
    Angle_X_Kalman                           0x200000ac   Data           4  kalman.o(.data)
    Angle_Y_Kalman                           0x200000b0   Data           4  kalman.o(.data)
    Q_bias                                   0x200000b4   Data           4  kalman.o(.data)
    Angle_err                                0x200000b8   Data           4  kalman.o(.data)
    PCt_0                                    0x200000bc   Data           4  kalman.o(.data)
    PCt_1                                    0x200000c0   Data           4  kalman.o(.data)
    E                                        0x200000c4   Data           4  kalman.o(.data)
    K_0                                      0x200000c8   Data           4  kalman.o(.data)
    K_1                                      0x200000cc   Data           4  kalman.o(.data)
    t_0                                      0x200000d0   Data           4  kalman.o(.data)
    t_1                                      0x200000d4   Data           4  kalman.o(.data)
    SystemCoreClock                          0x200000d8   Data           4  system_stm32f10x.o(.data)
    AHBPrescTable                            0x200000dc   Data          16  system_stm32f10x.o(.data)
    Pdot                                     0x20000100   Data          16  kalman.o(.bss)
    __initial_sp                             0x20000510   Data           0  startup_stm32f10x_hd.o(STACK)



==============================================================================

Memory Map of the image

  Image Entry point : 0x08002fc1

  Load Region LR_1 (Base: 0x08000000, Size: 0x00003c20, Max: 0xffffffff, ABSOLUTE)

    Execution Region ER_RO (Base: 0x08000000, Size: 0x00003b20, Max: 0xffffffff, ABSOLUTE)

    Base Addr    Size         Type   Attr      Idx    E Section Name        Object

    0x08000000   0x00000130   Data   RO          264    RESET               startup_stm32f10x_hd.o
    0x08000130   0x00000000   Code   RO          279  * .ARM.Collect$$$$00000000  mc_w.l(entry.o)(mc_w.l)
    0x08000130   0x00000004   Code   RO          312    .ARM.Collect$$$$00000001  mc_w.l(entry2.o)(mc_w.l)
    0x08000134   0x00000004   Code   RO          315    .ARM.Collect$$$$00000004  mc_w.l(entry5.o)(mc_w.l)
    0x08000138   0x00000008   Code   RO          316    .ARM.Collect$$$$00000007  mc_w.l(entry7.o)(mc_w.l)
    0x08000140   0x00000004   Code   RO          313    .ARM.Collect$$$$00002712  mc_w.l(entry2.o)(mc_w.l)
    0x08000144   0x000009c8   Code   RO            1    .text               main.o
    0x08000b0c   0x0000019c   Code   RO          112    .text               i2c_mpu6050.o
    0x08000ca8   0x000007a0   Code   RO          124    .text               kalman.o
    0x08001448   0x0000001a   Code   RO          155    .text               stm32f10x_it.o
    0x08001462   0x00000002   PAD
    0x08001464   0x000001c8   Code   RO          170    .text               system_stm32f10x.o
    0x0800162c   0x000000f8   Code   RO          188    .text               misc.o
    0x08001724   0x00000358   Code   RO          200    .text               stm32f10x_gpio.o
    0x08001a7c   0x000003f0   Code   RO          212    .text               stm32f10x_i2c.o
    0x08001e6c   0x000003a4   Code   RO          224    .text               stm32f10x_rcc.o
    0x08002210   0x00000dae   Code   RO          238    .text               stm32f10x_tim.o
    0x08002fbe   0x00000002   PAD
    0x08002fc0   0x00000024   Code   RO          265  * .text               startup_stm32f10x_hd.o
    0x08002fe4   0x000000b0   Code   RO          282    .text               mf_w.l(fadd.o)(mf_w.l)
    0x08003094   0x0000006c   Code   RO          284    .text               mf_w.l(fmul.o)(mf_w.l)
    0x08003100   0x00000080   Code   RO          286    .text               mf_w.l(fdiv.o)(mf_w.l)
    0x08003180   0x000000e2   Code   RO          288    .text               mf_w.l(dmul.o)(mf_w.l)
    0x08003262   0x000000de   Code   RO          290    .text               mf_w.l(ddiv.o)(mf_w.l)
    0x08003340   0x00000012   Code   RO          292    .text               mf_w.l(fflti.o)(mf_w.l)
    0x08003352   0x0000000a   Code   RO          294    .text               mf_w.l(ffltui.o)(mf_w.l)
    0x0800335c   0x00000028   Code   RO          296    .text               mf_w.l(ffixui.o)(mf_w.l)
    0x08003384   0x0000002c   Code   RO          298    .text               mf_w.l(f2d.o)(mf_w.l)
    0x080033b0   0x00000038   Code   RO          300    .text               mf_w.l(d2f.o)(mf_w.l)
    0x080033e8   0x00000014   Code   RO          302    .text               mf_w.l(cfcmple.o)(mf_w.l)
    0x080033fc   0x00000014   Code   RO          304    .text               mf_w.l(cfrcmple.o)(mf_w.l)
    0x08003410   0x00000000   Code   RO          317    .text               mc_w.l(iusefp.o)(mc_w.l)
    0x08003410   0x00000070   Code   RO          318    .text               mf_w.l(fepilogue.o)(mf_w.l)
    0x08003480   0x000000c2   Code   RO          320    .text               mf_w.l(depilogue.o)(mf_w.l)
    0x08003542   0x0000014a   Code   RO          322    .text               mf_w.l(dadd.o)(mf_w.l)
    0x0800368c   0x0000002e   Code   RO          324    .text               mf_w.l(dscalb.o)(mf_w.l)
    0x080036ba   0x00000002   PAD
    0x080036bc   0x00000024   Code   RO          326    .text               mc_w.l(init.o)(mc_w.l)
    0x080036e0   0x0000001e   Code   RO          328    .text               mc_w.l(llshl.o)(mc_w.l)
    0x080036fe   0x00000020   Code   RO          330    .text               mc_w.l(llushr.o)(mc_w.l)
    0x0800371e   0x00000024   Code   RO          332    .text               mc_w.l(llsshr.o)(mc_w.l)
    0x08003742   0x00000028   Code   RO          308    i.__ARM_fpclassify  m_ws.l(fpclassify.o)(m_ws.l)
    0x0800376a   0x000000aa   Code   RO          310    i.__kernel_poly     m_ws.l(poly.o)(m_ws.l)
    0x08003814   0x00000010   Code   RO          306    i.__mathlib_dbl_underflow  m_ws.l(dunder.o)(m_ws.l)
    0x08003824   0x0000000e   Code   RO          336    i.__scatterload_copy  mc_w.l(handlers.o)(mc_w.l)
    0x08003832   0x00000002   Code   RO          337    i.__scatterload_null  mc_w.l(handlers.o)(mc_w.l)
    0x08003834   0x0000000e   Code   RO          338    i.__scatterload_zeroinit  mc_w.l(handlers.o)(mc_w.l)
    0x08003842   0x00000002   PAD
    0x08003844   0x00000224   Code   RO          270    i.atan              m_ws.l(atan.o)(m_ws.l)
    0x08003a68   0x00000098   Data   RO          271    .constdata          m_ws.l(atan.o)(m_ws.l)
    0x08003b00   0x00000020   Data   RO          334    Region$$Table       anon$$obj.o


    Execution Region ER_RW (Base: 0x20000000, Size: 0x00000100, Max: 0xffffffff, ABSOLUTE)

    Base Addr    Size         Type   Attr      Idx    E Section Name        Object

    0x20000000   0x00000068   Data   RW            2    .data               main.o
    0x20000068   0x00000070   Data   RW          126    .data               kalman.o
    0x200000d8   0x00000014   Data   RW          171    .data               system_stm32f10x.o
    0x200000ec   0x00000014   Data   RW          225    .data               stm32f10x_rcc.o


    Execution Region ER_ZI (Base: 0x20000100, Size: 0x00000410, Max: 0xffffffff, ABSOLUTE)

    Base Addr    Size         Type   Attr      Idx    E Section Name        Object

    0x20000100   0x00000010   Zero   RW          125    .bss                kalman.o
    0x20000110   0x00000400   Zero   RW          262    STACK               startup_stm32f10x_hd.o


==============================================================================

Image component sizes


      Code (inc. data)   RO Data    RW Data    ZI Data      Debug   Object Name

         0          0          0          0          0          0   core_cm3.o
       412         14          0          0          0          0   i2c_mpu6050.o
      1952        142          0        112         16          0   kalman.o
      2504        202          0        104          0          0   main.o
       248         30          0          0          0          0   misc.o
        36          8        304          0       1024          0   startup_stm32f10x_hd.o
       856         40          0          0          0          0   stm32f10x_gpio.o
      1008         16          0          0          0          0   stm32f10x_i2c.o
        26          0          0          0          0          0   stm32f10x_it.o
       932         52          0         20          0          0   stm32f10x_rcc.o
      3502         86          0          0          0          0   stm32f10x_tim.o
       456         36          0         20          0          0   system_stm32f10x.o

    ----------------------------------------------------------------------
     11936        626        336        256       1040          0   Object Totals
         0          0         32          0          0          0   (incl. Generated)
         4          0          0          0          0          3   (incl. Padding)

    ----------------------------------------------------------------------

      Code (inc. data)   RO Data    RW Data    ZI Data      Debug   Library Member Name

       548         68        152          0          0          0   atan.o
        16          6          0          0          0          0   dunder.o
        40          0          0          0          0          0   fpclassify.o
       170          0          0          0          0          0   poly.o
         0          0          0          0          0          0   entry.o
         8          4          0          0          0          0   entry2.o
         4          0          0          0          0          0   entry5.o
         8          4          0          0          0          0   entry7.o
        30          0          0          0          0          0   handlers.o
        36          8          0          0          0          0   init.o
         0          0          0          0          0          0   iusefp.o
        30          0          0          0          0          0   llshl.o
        36          0          0          0          0          0   llsshr.o
        32          0          0          0          0          0   llushr.o
        20          0          0          0          0          0   cfcmple.o
        20          0          0          0          0          0   cfrcmple.o
        56          0          0          0          0          0   d2f.o
       330          0          0          0          0          0   dadd.o
       222          0          0          0          0          0   ddiv.o
       194          0          0          0          0          0   depilogue.o
       226          0          0          0          0          0   dmul.o
        46          0          0          0          0          0   dscalb.o
        44          0          0          0          0          0   f2d.o
       176          0          0          0          0          0   fadd.o
       128          0          0          0          0          0   fdiv.o
       112          0          0          0          0          0   fepilogue.o
        40          0          0          0          0          0   ffixui.o
        18          0          0          0          0          0   fflti.o
        10          0          0          0          0          0   ffltui.o
       108          0          0          0          0          0   fmul.o

    ----------------------------------------------------------------------
      2712         90        152          0          0          0   Library Totals
         4          0          0          0          0          0   (incl. Padding)

    ----------------------------------------------------------------------

      Code (inc. data)   RO Data    RW Data    ZI Data      Debug   Library Name

       774         74        152          0          0        360   m_ws.l
       184         16          0          0          0        272   mc_w.l
      1750          0          0          0          0       1576   mf_w.l

    ----------------------------------------------------------------------
      2712         90        152          0          0          0   Library Totals

    ----------------------------------------------------------------------

==============================================================================


      Code (inc. data)   RO Data    RW Data    ZI Data      Debug   

     14648        716        488        256       1040     316840   Grand Totals
     14648        716        488        256       1040     316840   ELF Image Totals
     14648        716        488        256          0          0   ROM Totals

==============================================================================

    Total RO  Size (Code + RO Data)                15136 (  14.78kB)
    Total RW  Size (RW Data + ZI Data)              1296 (   1.27kB)
    Total ROM Size (Code + RO Data + RW Data)      15392 (  15.03kB)

==============================================================================

