ARM Linker, 4.1 [Build 481] [Evaluation]

==============================================================================

Section Cross References

    main.o(.text) refers to stm32f10x_usart.o(.text) for USART_Init
    main.o(.text) refers to misc.o(.text) for NVIC_Init
    main.o(.text) refers to stm32f10x_tim.o(.text) for TIM_TimeBaseInit
    main.o(.text) refers to stm32f10x_i2c.o(.text) for I2C_Init
    main.o(.text) refers to stm32f10x_gpio.o(.text) for GPIO_Init
    main.o(.text) refers to system_stm32f10x.o(.text) for SystemInit
    main.o(.text) refers to stm32f10x_rcc.o(.text) for RCC_APB2PeriphClockCmd
    main.o(.text) refers to i2c_mpu6050.o(.text) for MPU6050_Init
    main.o(.text) refers to f2d.o(.text) for __aeabi_f2d
    main.o(.text) refers to printfa.o(i.__0printf) for __2printf
    main.o(.text) refers to fflti.o(.text) for __aeabi_i2f
    main.o(.text) refers to quaternion.o(.text) for CalAngle_Quaternion
    main.o(.text) refers to fadd.o(.text) for __aeabi_fadd
    main.o(.text) refers to kalman.o(.text) for CalAngle_Kalman
    main.o(.text) refers to fdiv.o(.text) for __aeabi_fdiv
    main.o(.text) refers to main.o(.data) for Y_angle
    main.o(.text) refers to quaternion.o(.data) for Angle_X_Quaternion
    main.o(.text) refers to kalman.o(.data) for Angle_X_Kalman
    i2c_mpu6050.o(.text) refers to stm32f10x_i2c.o(.text) for I2C_GenerateSTART
    kalman.o(.text) refers to fadd.o(.text) for __aeabi_fsub
    kalman.o(.text) refers to fmul.o(.text) for __aeabi_fmul
    kalman.o(.text) refers to ffltui.o(.text) for __aeabi_ui2f
    kalman.o(.text) refers to fdiv.o(.text) for __aeabi_fdiv
    kalman.o(.text) refers to kalman.o(.data) for Q_bias
    kalman.o(.text) refers to kalman.o(.bss) for Pdot
    kalman.o(.text) refers to cfcmple.o(.text) for __aeabi_cfcmple
    kalman.o(.text) refers to f2d.o(.text) for __aeabi_f2d
    kalman.o(.text) refers to atan.o(i.atan) for atan
    kalman.o(.text) refers to dmul.o(.text) for __aeabi_dmul
    kalman.o(.text) refers to ddiv.o(.text) for __aeabi_ddiv
    kalman.o(.text) refers to d2f.o(.text) for __aeabi_d2f
    kalman.o(.text) refers to cfrcmple.o(.text) for __aeabi_cfrcmple
    quaternion.o(.text) refers to fmul.o(.text) for __aeabi_fmul
    quaternion.o(.text) refers to fadd.o(.text) for __aeabi_fadd
    quaternion.o(.text) refers to f2d.o(.text) for __aeabi_f2d
    quaternion.o(.text) refers to sqrt.o(i.sqrt) for sqrt
    quaternion.o(.text) refers to d2f.o(.text) for __aeabi_d2f
    quaternion.o(.text) refers to fdiv.o(.text) for __aeabi_fdiv
    quaternion.o(.text) refers to asin.o(i.asin) for asin
    quaternion.o(.text) refers to dmul.o(.text) for __aeabi_dmul
    quaternion.o(.text) refers to quaternion.o(.data) for q2
    quaternion.o(.text) refers to atan2.o(i.atan2) for atan2
    system_stm32f10x.o(.text) refers to system_stm32f10x.o(.data) for SystemCoreClock
    stm32f10x_gpio.o(.text) refers to stm32f10x_rcc.o(.text) for RCC_APB2PeriphResetCmd
    stm32f10x_i2c.o(.text) refers to stm32f10x_rcc.o(.text) for RCC_APB1PeriphResetCmd
    stm32f10x_rcc.o(.text) refers to stm32f10x_rcc.o(.data) for APBAHBPrescTable
    stm32f10x_tim.o(.text) refers to stm32f10x_rcc.o(.text) for RCC_APB2PeriphResetCmd
    stm32f10x_usart.o(.text) refers to stm32f10x_rcc.o(.text) for RCC_APB2PeriphResetCmd
    startup_stm32f10x_hd.o(RESET) refers to startup_stm32f10x_hd.o(STACK) for __initial_sp
    startup_stm32f10x_hd.o(RESET) refers to startup_stm32f10x_hd.o(.text) for Reset_Handler
    startup_stm32f10x_hd.o(RESET) refers to stm32f10x_it.o(.text) for NMI_Handler
    startup_stm32f10x_hd.o(RESET) refers to main.o(.text) for TIM2_IRQHandler
    startup_stm32f10x_hd.o(.text) refers to system_stm32f10x.o(.text) for SystemInit
    startup_stm32f10x_hd.o(.text) refers to entry.o(.ARM.Collect$$$$00000000) for __main
    asin.o(i.__softfp_asin) refers (Special) to iusefp.o(.text) for __I$use$fp
    asin.o(i.__softfp_asin) refers to asin.o(i.asin) for asin
    asin.o(i.asin) refers (Special) to iusefp.o(.text) for __I$use$fp
    asin.o(i.asin) refers to dscalb.o(.text) for scalbn
    asin.o(i.asin) refers to dmul.o(.text) for __aeabi_dmul
    asin.o(i.asin) refers to dadd.o(.text) for __aeabi_dadd
    asin.o(i.asin) refers to errno.o(i.__set_errno) for __set_errno
    asin.o(i.asin) refers to ddiv.o(.text) for __aeabi_ddiv
    asin.o(i.asin) refers to fpclassify.o(i.__ARM_fpclassify) for __ARM_fpclassify
    asin.o(i.asin) refers to dunder.o(i.__mathlib_dbl_underflow) for __mathlib_dbl_underflow
    asin.o(i.asin) refers to poly.o(i.__kernel_poly) for __kernel_poly
    asin.o(i.asin) refers to sqrt.o(i.sqrt) for sqrt
    asin.o(i.asin) refers to asin.o(.constdata) for .constdata
    asin.o(.constdata) refers (Special) to iusefp.o(.text) for __I$use$fp
    asin_x.o(i.____softfp_asin$lsc) refers (Special) to iusefp.o(.text) for __I$use$fp
    asin_x.o(i.____softfp_asin$lsc) refers to asin_x.o(i.__asin$lsc) for __asin$lsc
[...]
    printf0.o(i.__0vfprintf$0) refers to main.o(.text) for fputc
    printf0.o(i.__0vprintf$0) refers to printf0.o(i._printf_core) for _printf_core
    printf0.o(i.__0vprintf$0) refers to main.o(.text) for fputc
    printf0.o(i.__0vprintf$0) refers to stdout.o(.data) for __stdout
    printf0.o(i.__0vsnprintf$0) refers to printf0.o(i._printf_core) for _printf_core
    printf0.o(i.__0vsnprintf$0) refers to printf0.o(i._snputc) for _snputc
    printf0.o(i.__0vsprintf$0) refers to printf0.o(i._printf_core) for _printf_core
    printf0.o(i.__0vsprintf$0) refers to printf0.o(i._sputc) for _sputc
    printf1.o(i.__0fprintf$1) refers to printf1.o(i._printf_core) for _printf_core
    printf1.o(i.__0fprintf$1) refers to main.o(.text) for fputc
    printf1.o(i.__0printf$1) refers to printf1.o(i._printf_core) for _printf_core
    printf1.o(i.__0printf$1) refers to main.o(.text) for fputc
    printf1.o(i.__0printf$1) refers to stdout.o(.data) for __stdout
    printf1.o(i.__0snprintf$1) refers to printf1.o(i._printf_core) for _printf_core
    printf1.o(i.__0snprintf$1) refers to printf1.o(i._snputc) for _snputc
    printf1.o(i.__0sprintf$1) refers to printf1.o(i._printf_core) for _printf_core
    printf1.o(i.__0sprintf$1) refers to printf1.o(i._sputc) for _sputc
    printf1.o(i.__0vfprintf$1) refers to printf1.o(i._printf_core) for _printf_core
    printf1.o(i.__0vfprintf$1) refers to main.o(.text) for fputc
    printf1.o(i.__0vprintf$1) refers to printf1.o(i._printf_core) for _printf_core
    printf1.o(i.__0vprintf$1) refers to main.o(.text) for fputc
    printf1.o(i.__0vprintf$1) refers to stdout.o(.data) for __stdout
    printf1.o(i.__0vsnprintf$1) refers to printf1.o(i._printf_core) for _printf_core
    printf1.o(i.__0vsnprintf$1) refers to printf1.o(i._snputc) for _snputc
    printf1.o(i.__0vsprintf$1) refers to printf1.o(i._printf_core) for _printf_core
    printf1.o(i.__0vsprintf$1) refers to printf1.o(i._sputc) for _sputc
    printf1.o(i._printf_core) refers to uidiv.o(.text) for __aeabi_uidivmod
    printf2.o(i.__0fprintf$2) refers to printf2.o(i._printf_core) for _printf_core
    printf2.o(i.__0fprintf$2) refers to main.o(.text) for fputc
    printf2.o(i.__0printf$2) refers to printf2.o(i._printf_core) for _printf_core
    printf2.o(i.__0printf$2) refers to main.o(.text) for fputc
    printf2.o(i.__0printf$2) refers to stdout.o(.data) for __stdout
    printf2.o(i.__0snprintf$2) refers to printf2.o(i._printf_core) for _printf_core
    printf2.o(i.__0snprintf$2) refers to printf2.o(i._snputc) for _snputc
    printf2.o(i.__0sprintf$2) refers to printf2.o(i._printf_core) for _printf_core
    printf2.o(i.__0sprintf$2) refers to printf2.o(i._sputc) for _sputc
    printf2.o(i.__0vfprintf$2) refers to printf2.o(i._printf_core) for _printf_core
    printf2.o(i.__0vfprintf$2) refers to main.o(.text) for fputc
    printf2.o(i.__0vprintf$2) refers to printf2.o(i._printf_core) for _printf_core
    printf2.o(i.__0vprintf$2) refers to main.o(.text) for fputc
    printf2.o(i.__0vprintf$2) refers to stdout.o(.data) for __stdout
    printf2.o(i.__0vsnprintf$2) refers to printf2.o(i._printf_core) for _printf_core
    printf2.o(i.__0vsnprintf$2) refers to printf2.o(i._snputc) for _snputc
    printf2.o(i.__0vsprintf$2) refers to printf2.o(i._printf_core) for _printf_core
    printf2.o(i.__0vsprintf$2) refers to printf2.o(i._sputc) for _sputc
    printf3.o(i.__0fprintf$3) refers to printf3.o(i._printf_core) for _printf_core
    printf3.o(i.__0fprintf$3) refers to main.o(.text) for fputc
    printf3.o(i.__0printf$3) refers to printf3.o(i._printf_core) for _printf_core
    printf3.o(i.__0printf$3) refers to main.o(.text) for fputc
    printf3.o(i.__0printf$3) refers to stdout.o(.data) for __stdout
    printf3.o(i.__0snprintf$3) refers to printf3.o(i._printf_core) for _printf_core
    printf3.o(i.__0snprintf$3) refers to printf3.o(i._snputc) for _snputc
    printf3.o(i.__0sprintf$3) refers to printf3.o(i._printf_core) for _printf_core
    printf3.o(i.__0sprintf$3) refers to printf3.o(i._sputc) for _sputc
    printf3.o(i.__0vfprintf$3) refers to printf3.o(i._printf_core) for _printf_core
    printf3.o(i.__0vfprintf$3) refers to main.o(.text) for fputc
    printf3.o(i.__0vprintf$3) refers to printf3.o(i._printf_core) for _printf_core
    printf3.o(i.__0vprintf$3) refers to main.o(.text) for fputc
    printf3.o(i.__0vprintf$3) refers to stdout.o(.data) for __stdout
    printf3.o(i.__0vsnprintf$3) refers to printf3.o(i._printf_core) for _printf_core
    printf3.o(i.__0vsnprintf$3) refers to printf3.o(i._snputc) for _snputc
    printf3.o(i.__0vsprintf$3) refers to printf3.o(i._printf_core) for _printf_core
    printf3.o(i.__0vsprintf$3) refers to printf3.o(i._sputc) for _sputc
    printf3.o(i._printf_core) refers to uidiv.o(.text) for __aeabi_uidivmod
    printf4.o(i.__0fprintf$4) refers to printf4.o(i._printf_core) for _printf_core
    printf4.o(i.__0fprintf$4) refers to main.o(.text) for fputc
    printf4.o(i.__0printf$4) refers to printf4.o(i._printf_core) for _printf_core
    printf4.o(i.__0printf$4) refers to main.o(.text) for fputc
    printf4.o(i.__0printf$4) refers to stdout.o(.data) for __stdout
    printf4.o(i.__0snprintf$4) refers to printf4.o(i._printf_core) for _printf_core
    printf4.o(i.__0snprintf$4) refers to printf4.o(i._snputc) for _snputc
    printf4.o(i.__0sprintf$4) refers to printf4.o(i._printf_core) for _printf_core
    printf4.o(i.__0sprintf$4) refers to printf4.o(i._sputc) for _sputc
    printf4.o(i.__0vfprintf$4) refers to printf4.o(i._printf_core) for _printf_core
    printf4.o(i.__0vfprintf$4) refers to main.o(.text) for fputc
    printf4.o(i.__0vprintf$4) refers to printf4.o(i._printf_core) for _printf_core
    printf4.o(i.__0vprintf$4) refers to main.o(.text) for fputc
    printf4.o(i.__0vprintf$4) refers to stdout.o(.data) for __stdout
    printf4.o(i.__0vsnprintf$4) refers to printf4.o(i._printf_core) for _printf_core
    printf4.o(i.__0vsnprintf$4) refers to printf4.o(i._snputc) for _snputc
    printf4.o(i.__0vsprintf$4) refers to printf4.o(i._printf_core) for _printf_core
    printf4.o(i.__0vsprintf$4) refers to printf4.o(i._sputc) for _sputc
    printf4.o(i._printf_core) refers to uldiv.o(.text) for __aeabi_uldivmod
    printf5.o(i.__0fprintf$5) refers to printf5.o(i._printf_core) for _printf_core
    printf5.o(i.__0fprintf$5) refers to main.o(.text) for fputc
    printf5.o(i.__0printf$5) refers to printf5.o(i._printf_core) for _printf_core
    printf5.o(i.__0printf$5) refers to main.o(.text) for fputc
    printf5.o(i.__0printf$5) refers to stdout.o(.data) for __stdout
    printf5.o(i.__0snprintf$5) refers to printf5.o(i._printf_core) for _printf_core
    printf5.o(i.__0snprintf$5) refers to printf5.o(i._snputc) for _snputc
    printf5.o(i.__0sprintf$5) refers to printf5.o(i._printf_core) for _printf_core
    printf5.o(i.__0sprintf$5) refers to printf5.o(i._sputc) for _sputc
    printf5.o(i.__0vfprintf$5) refers to printf5.o(i._printf_core) for _printf_core
    printf5.o(i.__0vfprintf$5) refers to main.o(.text) for fputc
    printf5.o(i.__0vprintf$5) refers to printf5.o(i._printf_core) for _printf_core
    printf5.o(i.__0vprintf$5) refers to main.o(.text) for fputc
    printf5.o(i.__0vprintf$5) refers to stdout.o(.data) for __stdout
    printf5.o(i.__0vsnprintf$5) refers to printf5.o(i._printf_core) for _printf_core
    printf5.o(i.__0vsnprintf$5) refers to printf5.o(i._snputc) for _snputc
    printf5.o(i.__0vsprintf$5) refers to printf5.o(i._printf_core) for _printf_core
    printf5.o(i.__0vsprintf$5) refers to printf5.o(i._sputc) for _sputc
    printf5.o(i._printf_core) refers to uldiv.o(.text) for __aeabi_uldivmod
    printf6.o(i.__0fprintf$6) refers to printf6.o(i._printf_core) for _printf_core
    printf6.o(i.__0fprintf$6) refers to main.o(.text) for fputc
    printf6.o(i.__0printf$6) refers to printf6.o(i._printf_core) for _printf_core
    printf6.o(i.__0printf$6) refers to main.o(.text) for fputc
    printf6.o(i.__0printf$6) refers to stdout.o(.data) for __stdout
    printf6.o(i.__0snprintf$6) refers to printf6.o(i._printf_core) for _printf_core
    printf6.o(i.__0snprintf$6) refers to printf6.o(i._snputc) for _snputc
    printf6.o(i.__0sprintf$6) refers to printf6.o(i._printf_core) for _printf_core
    printf6.o(i.__0sprintf$6) refers to printf6.o(i._sputc) for _sputc
    printf6.o(i.__0vfprintf$6) refers to printf6.o(i._printf_core) for _printf_core
    printf6.o(i.__0vfprintf$6) refers to main.o(.text) for fputc
    printf6.o(i.__0vprintf$6) refers to printf6.o(i._printf_core) for _printf_core
    printf6.o(i.__0vprintf$6) refers to main.o(.text) for fputc
    printf6.o(i.__0vprintf$6) refers to stdout.o(.data) for __stdout
    printf6.o(i.__0vsnprintf$6) refers to printf6.o(i._printf_core) for _printf_core
    printf6.o(i.__0vsnprintf$6) refers to printf6.o(i._snputc) for _snputc
    printf6.o(i.__0vsprintf$6) refers to printf6.o(i._printf_core) for _printf_core
    printf6.o(i.__0vsprintf$6) refers to printf6.o(i._sputc) for _sputc
    printf6.o(i._printf_core) refers to printf6.o(i._printf_pre_padding) for _printf_pre_padding
    printf6.o(i._printf_core) refers to uidiv.o(.text) for __aeabi_uidivmod
    printf6.o(i._printf_core) refers to printf6.o(i._printf_post_padding) for _printf_post_padding
    printf7.o(i.__0fprintf$7) refers to printf7.o(i._printf_core) for _printf_core
    printf7.o(i.__0fprintf$7) refers to main.o(.text) for fputc
    printf7.o(i.__0printf$7) refers to printf7.o(i._printf_core) for _printf_core
    printf7.o(i.__0printf$7) refers to main.o(.text) for fputc
    printf7.o(i.__0printf$7) refers to stdout.o(.data) for __stdout
    printf7.o(i.__0snprintf$7) refers to printf7.o(i._printf_core) for _printf_core
    printf7.o(i.__0snprintf$7) refers to printf7.o(i._snputc) for _snputc
    printf7.o(i.__0sprintf$7) refers to printf7.o(i._printf_core) for _printf_core
    printf7.o(i.__0sprintf$7) refers to printf7.o(i._sputc) for _sputc
    printf7.o(i.__0vfprintf$7) refers to printf7.o(i._printf_core) for _printf_core
    printf7.o(i.__0vfprintf$7) refers to main.o(.text) for fputc
    printf7.o(i.__0vprintf$7) refers to printf7.o(i._printf_core) for _printf_core
    printf7.o(i.__0vprintf$7) refers to main.o(.text) for fputc
    printf7.o(i.__0vprintf$7) refers to stdout.o(.data) for __stdout
    printf7.o(i.__0vsnprintf$7) refers to printf7.o(i._printf_core) for _printf_core
    printf7.o(i.__0vsnprintf$7) refers to printf7.o(i._snputc) for _snputc
    printf7.o(i.__0vsprintf$7) refers to printf7.o(i._printf_core) for _printf_core
    printf7.o(i.__0vsprintf$7) refers to printf7.o(i._sputc) for _sputc
    printf7.o(i._printf_core) refers to printf7.o(i._printf_pre_padding) for _printf_pre_padding
    printf7.o(i._printf_core) refers to uldiv.o(.text) for __aeabi_uldivmod
    printf7.o(i._printf_core) refers to printf7.o(i._printf_post_padding) for _printf_post_padding
    printf8.o(i.__0fprintf$8) refers to printf8.o(i._printf_core) for _printf_core
    printf8.o(i.__0fprintf$8) refers to main.o(.text) for fputc
    printf8.o(i.__0printf$8) refers to printf8.o(i._printf_core) for _printf_core
    printf8.o(i.__0printf$8) refers to main.o(.text) for fputc
    printf8.o(i.__0printf$8) refers to stdout.o(.data) for __stdout
    printf8.o(i.__0snprintf$8) refers to printf8.o(i._printf_core) for _printf_core
    printf8.o(i.__0snprintf$8) refers to printf8.o(i._snputc) for _snputc
    printf8.o(i.__0sprintf$8) refers to printf8.o(i._printf_core) for _printf_core
    printf8.o(i.__0sprintf$8) refers to printf8.o(i._sputc) for _sputc
    printf8.o(i.__0vfprintf$8) refers to printf8.o(i._printf_core) for _printf_core
    printf8.o(i.__0vfprintf$8) refers to main.o(.text) for fputc
    printf8.o(i.__0vprintf$8) refers to printf8.o(i._printf_core) for _printf_core
    printf8.o(i.__0vprintf$8) refers to main.o(.text) for fputc
    printf8.o(i.__0vprintf$8) refers to stdout.o(.data) for __stdout
    printf8.o(i.__0vsnprintf$8) refers to printf8.o(i._printf_core) for _printf_core
    printf8.o(i.__0vsnprintf$8) refers to printf8.o(i._snputc) for _snputc
    printf8.o(i.__0vsprintf$8) refers to printf8.o(i._printf_core) for _printf_core
    printf8.o(i.__0vsprintf$8) refers to printf8.o(i._sputc) for _sputc
    printf8.o(i._printf_core) refers to printf8.o(i._printf_pre_padding) for _printf_pre_padding
    printf8.o(i._printf_core) refers to uldiv.o(.text) for __aeabi_uldivmod
    printf8.o(i._printf_core) refers to printf8.o(i._printf_post_padding) for _printf_post_padding
    printfa.o(i.__0fprintf) refers (Special) to iusefp.o(.text) for __I$use$fp
    printfa.o(i.__0fprintf) refers to printfa.o(i._printf_core) for _printf_core
    printfa.o(i.__0fprintf) refers to main.o(.text) for fputc
    printfa.o(i.__0printf) refers (Special) to iusefp.o(.text) for __I$use$fp
    printfa.o(i.__0printf) refers to printfa.o(i._printf_core) for _printf_core
    printfa.o(i.__0printf) refers to main.o(.text) for fputc
    printfa.o(i.__0printf) refers to stdout.o(.data) for __stdout
    printfa.o(i.__0snprintf) refers (Special) to iusefp.o(.text) for __I$use$fp
    printfa.o(i.__0snprintf) refers to printfa.o(i._printf_core) for _printf_core
    printfa.o(i.__0snprintf) refers to printfa.o(i._snputc) for _snputc
    printfa.o(i.__0sprintf) refers (Special) to iusefp.o(.text) for __I$use$fp
    printfa.o(i.__0sprintf) refers to printfa.o(i._printf_core) for _printf_core
    printfa.o(i.__0sprintf) refers to printfa.o(i._sputc) for _sputc
    printfa.o(i.__0vfprintf) refers (Special) to iusefp.o(.text) for __I$use$fp
    printfa.o(i.__0vfprintf) refers to printfa.o(i._printf_core) for _printf_core
    printfa.o(i.__0vfprintf) refers to main.o(.text) for fputc
    printfa.o(i.__0vprintf) refers (Special) to iusefp.o(.text) for __I$use$fp
    printfa.o(i.__0vprintf) refers to printfa.o(i._printf_core) for _printf_core
    printfa.o(i.__0vprintf) refers to main.o(.text) for fputc
    printfa.o(i.__0vprintf) refers to stdout.o(.data) for __stdout
    printfa.o(i.__0vsnprintf) refers (Special) to iusefp.o(.text) for __I$use$fp
    printfa.o(i.__0vsnprintf) refers to printfa.o(i._printf_core) for _printf_core
    printfa.o(i.__0vsnprintf) refers to printfa.o(i._snputc) for _snputc
    printfa.o(i.__0vsprintf) refers (Special) to iusefp.o(.text) for __I$use$fp
    printfa.o(i.__0vsprintf) refers to printfa.o(i._printf_core) for _printf_core
    printfa.o(i.__0vsprintf) refers to printfa.o(i._sputc) for _sputc
    printfa.o(i._fp_digits) refers (Special) to iusefp.o(.text) for __I$use$fp
    printfa.o(i._fp_digits) refers to dmul.o(.text) for __aeabi_dmul
    printfa.o(i._fp_digits) refers to ddiv.o(.text) for __aeabi_ddiv
    printfa.o(i._fp_digits) refers to cdrcmple.o(.text) for __aeabi_cdrcmple
    printfa.o(i._fp_digits) refers to dadd.o(.text) for __aeabi_dadd
    printfa.o(i._fp_digits) refers to dfixul.o(.text) for __aeabi_d2ulz
    printfa.o(i._fp_digits) refers to uldiv.o(.text) for __aeabi_uldivmod
    printfa.o(i._printf_core) refers (Special) to iusefp.o(.text) for __I$use$fp
    printfa.o(i._printf_core) refers to printfa.o(i._printf_pre_padding) for _printf_pre_padding
    printfa.o(i._printf_core) refers to uldiv.o(.text) for __aeabi_uldivmod
    printfa.o(i._printf_core) refers to printfa.o(i._printf_post_padding) for _printf_post_padding
    printfa.o(i._printf_core) refers to printfa.o(i._fp_digits) for _fp_digits
    printfa.o(i._printf_core) refers to uidiv.o(.text) for __aeabi_uidivmod
    printfa.o(i._printf_post_padding) refers (Special) to iusefp.o(.text) for __I$use$fp
    printfa.o(i._printf_pre_padding) refers (Special) to iusefp.o(.text) for __I$use$fp
    printfa.o(i._snputc) refers (Special) to iusefp.o(.text) for __I$use$fp
    printfa.o(i._sputc) refers (Special) to iusefp.o(.text) for __I$use$fp
    fadd.o(.text) refers (Special) to iusefp.o(.text) for __I$use$fp
    fadd.o(.text) refers to fepilogue.o(.text) for _float_epilogue
    fmul.o(.text) refers (Special) to iusefp.o(.text) for __I$use$fp
    fdiv.o(.text) refers (Special) to iusefp.o(.text) for __I$use$fp
    fdiv.o(.text) refers to fepilogue.o(.text) for _float_round
    dmul.o(.text) refers (Special) to iusefp.o(.text) for __I$use$fp
    dmul.o(.text) refers to depilogue.o(.text) for _double_epilogue
    ddiv.o(.text) refers (Special) to iusefp.o(.text) for __I$use$fp
    ddiv.o(.text) refers to depilogue.o(.text) for _double_round
    fflti.o(.text) refers (Special) to iusefp.o(.text) for __I$use$fp
    fflti.o(.text) refers to fepilogue.o(.text) for _float_epilogue
    ffltui.o(.text) refers (Special) to iusefp.o(.text) for __I$use$fp
    ffltui.o(.text) refers to fepilogue.o(.text) for _float_epilogue
    f2d.o(.text) refers (Special) to iusefp.o(.text) for __I$use$fp
    d2f.o(.text) refers (Special) to iusefp.o(.text) for __I$use$fp
    d2f.o(.text) refers to fepilogue.o(.text) for _float_round
    cfcmple.o(.text) refers (Special) to iusefp.o(.text) for __I$use$fp
    cfrcmple.o(.text) refers (Special) to iusefp.o(.text) for __I$use$fp
    dunder.o(i.__mathlib_dbl_underflow) refers to dscalb.o(.text) for scalbn
    fpclassify.o(i.__ARM_fpclassify) refers (Special) to iusefp.o(.text) for __I$use$fp
    poly.o(i.__kernel_poly) refers (Special) to iusefp.o(.text) for __I$use$fp
    poly.o(i.__kernel_poly) refers to dmul.o(.text) for __aeabi_dmul
    poly.o(i.__kernel_poly) refers to dadd.o(.text) for __aeabi_dadd
    qnan.o(.constdata) refers (Special) to iusefp.o(.text) for __I$use$fp
    entry2.o(.ARM.Collect$$$$00000001) refers to entry2.o(.ARM.Collect$$$$00002712) for __lit__00000000
    entry2.o(.ARM.Collect$$$$00002712) refers to startup_stm32f10x_hd.o(STACK) for __initial_sp
    entry2.o(__vectab_stack_and_reset_area) refers to startup_stm32f10x_hd.o(STACK) for __initial_sp
    entry2.o(__vectab_stack_and_reset_area) refers to entry.o(.ARM.Collect$$$$00000000) for __main
    entry5.o(.ARM.Collect$$$$00000004) refers to init.o(.text) for __scatterload
    entry7.o(.ARM.Collect$$$$00000007) refers to main.o(.text) for main
    uldiv.o(.text) refers to llushr.o(.text) for __aeabi_llsr
    uldiv.o(.text) refers to llshl.o(.text) for __aeabi_llsl
    errno.o(i.__aeabi_errno_addr) refers to errno.o(.data) for .data
    errno.o(i.__read_errno) refers to errno.o(.data) for .data
    errno.o(i.__set_errno) refers to errno.o(.data) for .data
    depilogue.o(.text) refers to llshl.o(.text) for __aeabi_llsl
    depilogue.o(.text) refers to llushr.o(.text) for __aeabi_llsr
    dadd.o(.text) refers to llshl.o(.text) for __aeabi_llsl
    dadd.o(.text) refers to llsshr.o(.text) for __aeabi_lasr
    dadd.o(.text) refers to depilogue.o(.text) for _double_epilogue
    dsqrt.o(.text) refers to llushr.o(.text) for __aeabi_llsr
    dsqrt.o(.text) refers to depilogue.o(.text) for _double_round
    dfixul.o(.text) refers to llushr.o(.text) for __aeabi_llsr
    dfixul.o(.text) refers to llshl.o(.text) for __aeabi_llsl
    init.o(.text) refers to entry5.o(.ARM.Collect$$$$00000004) for __main_after_scatterload


==============================================================================

Removing Unused input sections from the image.

    Removing core_cm3.o(.emb_text), (32 bytes).
    Removing startup_stm32f10x_hd.o(HEAP), (512 bytes).
    Removing cdcmple.o(.text), (40 bytes).

3 unused section(s) (total 584 bytes) removed from the image.

==============================================================================

Image Symbol Table

    Local Symbols

    Symbol Name                              Value     Ov Type        Size  Object(Section)

    ../../asin.c                             0x00000000   Number         0  asin_x.o ABSOLUTE
    ../../asin.c                             0x00000000   Number         0  asin.o ABSOLUTE
    ../../atan.c                             0x00000000   Number         0  atan_x.o ABSOLUTE
    ../../atan.c                             0x00000000   Number         0  atan.o ABSOLUTE
    ../../atan2.c                            0x00000000   Number         0  atan2_x.o ABSOLUTE
    ../../atan2.c                            0x00000000   Number         0  atan2.o ABSOLUTE
    ../../dunder.c                           0x00000000   Number         0  dunder.o ABSOLUTE
    ../../fpclassify.c                       0x00000000   Number         0  fpclassify.o ABSOLUTE
    ../../microlib/d2f.c                     0x00000000   Number         0  d2f.o ABSOLUTE
    ../../microlib/division.c                0x00000000   Number         0  uidiv.o ABSOLUTE
    ../../microlib/division.c                0x00000000   Number         0  uldiv.o ABSOLUTE
    ../../microlib/errno.c                   0x00000000   Number         0  errno.o ABSOLUTE
    ../../microlib/f2d.c                     0x00000000   Number         0  f2d.o ABSOLUTE
    ../../microlib/fpadd.c                   0x00000000   Number         0  dadd.o ABSOLUTE
    ../../microlib/fpadd.c                   0x00000000   Number         0  fadd.o ABSOLUTE
    ../../microlib/fpdiv.c                   0x00000000   Number         0  ddiv.o ABSOLUTE
    ../../microlib/fpdiv.c                   0x00000000   Number         0  fdiv.o ABSOLUTE
    ../../microlib/fpepilogue.c              0x00000000   Number         0  fepilogue.o ABSOLUTE
    ../../microlib/fpepilogue.c              0x00000000   Number         0  depilogue.o ABSOLUTE
    ../../microlib/fpfix.c                   0x00000000   Number         0  dfixul.o ABSOLUTE
    ../../microlib/fpflt.c                   0x00000000   Number         0  fflti.o ABSOLUTE
    ../../microlib/fpflt.c                   0x00000000   Number         0  ffltui.o ABSOLUTE
    ../../microlib/fpmul.c                   0x00000000   Number         0  dmul.o ABSOLUTE
    ../../microlib/fpmul.c                   0x00000000   Number         0  fmul.o ABSOLUTE
    ../../microlib/fpscalb.c                 0x00000000   Number         0  dscalb.o ABSOLUTE
    ../../microlib/fpsqrt.c                  0x00000000   Number         0  dsqrt.o ABSOLUTE
    ../../microlib/init/entry.s              0x00000000   Number         0  entry2.o ABSOLUTE
    ../../microlib/init/entry.s              0x00000000   Number         0  entry.o ABSOLUTE
    ../../microlib/init/entry.s              0x00000000   Number         0  entry5.o ABSOLUTE
    ../../microlib/init/entry.s              0x00000000   Number         0  entry7.o ABSOLUTE
    ../../microlib/longlong.c                0x00000000   Number         0  llsshr.o ABSOLUTE
    ../../microlib/longlong.c                0x00000000   Number         0  llushr.o ABSOLUTE
    ../../microlib/longlong.c                0x00000000   Number         0  llshl.o ABSOLUTE
    ../../microlib/printf/printf.c           0x00000000   Number         0  printfa.o ABSOLUTE
    ../../microlib/printf/printf.c           0x00000000   Number         0  printf8.o ABSOLUTE
    ../../microlib/printf/printf.c           0x00000000   Number         0  printf7.o ABSOLUTE
    ../../microlib/printf/printf.c           0x00000000   Number         0  printf6.o ABSOLUTE
    ../../microlib/printf/printf.c           0x00000000   Number         0  printf5.o ABSOLUTE
    ../../microlib/printf/printf.c           0x00000000   Number         0  printf4.o ABSOLUTE
    ../../microlib/printf/printf.c           0x00000000   Number         0  printf3.o ABSOLUTE
    ../../microlib/printf/printf.c           0x00000000   Number         0  printf2.o ABSOLUTE
    ../../microlib/printf/printf.c           0x00000000   Number         0  printf1.o ABSOLUTE
    ../../microlib/printf/printf.c           0x00000000   Number         0  printf0.o ABSOLUTE
    ../../microlib/printf/printf.c           0x00000000   Number         0  printfb.o ABSOLUTE
    ../../microlib/printf/stubs.s            0x00000000   Number         0  stubs.o ABSOLUTE
    ../../microlib/stdio/streams.c           0x00000000   Number         0  stdout.o ABSOLUTE
    ../../microlib/stubs.s                   0x00000000   Number         0  iusefp.o ABSOLUTE
    ../../poly.c                             0x00000000   Number         0  poly.o ABSOLUTE
    ../../qnan.c                             0x00000000   Number         0  qnan.o ABSOLUTE
    ../../sqrt.c                             0x00000000   Number         0  sqrt_x.o ABSOLUTE
    ../../sqrt.c                             0x00000000   Number         0  sqrt.o ABSOLUTE
    ..\..\STM32F103ZE\CMSIS\core_cm3.c       0x00000000   Number         0  core_cm3.o ABSOLUTE
    ..\..\STM32F103ZE\CMSIS\stm32f10x_it.c   0x00000000   Number         0  stm32f10x_it.o ABSOLUTE
    ..\..\STM32F103ZE\CMSIS\system_stm32f10x.c 0x00000000   Number         0  system_stm32f10x.o ABSOLUTE
    ..\..\STM32F103ZE\Libraries\src\misc.c   0x00000000   Number         0  misc.o ABSOLUTE
    ..\..\STM32F103ZE\Libraries\src\stm32f10x_gpio.c 0x00000000   Number         0  stm32f10x_gpio.o ABSOLUTE
    ..\..\STM32F103ZE\Libraries\src\stm32f10x_i2c.c 0x00000000   Number         0  stm32f10x_i2c.o ABSOLUTE
    ..\..\STM32F103ZE\Libraries\src\stm32f10x_rcc.c 0x00000000   Number         0  stm32f10x_rcc.o ABSOLUTE
    ..\..\STM32F103ZE\Libraries\src\stm32f10x_tim.c 0x00000000   Number         0  stm32f10x_tim.o ABSOLUTE
    ..\..\STM32F103ZE\Libraries\src\stm32f10x_usart.c 0x00000000   Number         0  stm32f10x_usart.o ABSOLUTE
    ..\..\STM32F103ZE\Startup\startup_stm32f10x_hd.s 0x00000000   Number         0  startup_stm32f10x_hd.o ABSOLUTE
    ..\App\I2C_MPU6050.c                     0x00000000   Number         0  i2c_mpu6050.o ABSOLUTE
    ..\App\kalman.c                          0x00000000   Number         0  kalman.o ABSOLUTE
    ..\App\main.c                            0x00000000   Number         0  main.o ABSOLUTE
    ..\App\quaternion.c                      0x00000000   Number         0  quaternion.o ABSOLUTE
    ..\\..\\STM32F103ZE\\CMSIS\\core_cm3.c   0x00000000   Number         0  core_cm3.o ABSOLUTE
    cdcmple.s                                0x00000000   Number         0  cdcmple.o ABSOLUTE
    cdrcmple.s                               0x00000000   Number         0  cdrcmple.o ABSOLUTE
    cfcmple.s                                0x00000000   Number         0  cfcmple.o ABSOLUTE
    cfrcmple.s                               0x00000000   Number         0  cfrcmple.o ABSOLUTE
    dc.s                                     0x00000000   Number         0  dc.o ABSOLUTE
    handlers.s                               0x00000000   Number         0  handlers.o ABSOLUTE
    init.s                                   0x00000000   Number         0  init.o ABSOLUTE
    RESET                                    0x08000000   Section      304  startup_stm32f10x_hd.o(RESET)
    .ARM.Collect$$$$00000000                 0x08000130   Section        0  entry.o(.ARM.Collect$$$$00000000)
    .ARM.Collect$$$$00000001                 0x08000130   Section        4  entry2.o(.ARM.Collect$$$$00000001)
    .ARM.Collect$$$$00000004                 0x08000134   Section        4  entry5.o(.ARM.Collect$$$$00000004)
    .ARM.Collect$$$$00000007                 0x08000138   Section        8  entry7.o(.ARM.Collect$$$$00000007)
    .ARM.Collect$$$$00002712                 0x08000140   Section        4  entry2.o(.ARM.Collect$$$$00002712)
    __lit__00000000                          0x08000140   Data           4  entry2.o(.ARM.Collect$$$$00002712)
    .text                                    0x08000144   Section        0  main.o(.text)
    .text                                    0x08000720   Section        0  i2c_mpu6050.o(.text)
    .text                                    0x080008bc   Section        0  kalman.o(.text)
    .text                                    0x0800105c   Section        0  quaternion.o(.text)
    .text                                    0x080015a0   Section        0  stm32f10x_it.o(.text)
    .text                                    0x080015bc   Section        0  system_stm32f10x.o(.text)
    SetSysClockTo72                          0x080015bd   Thumb Code   192  system_stm32f10x.o(.text)
    SetSysClock                              0x0800167d   Thumb Code     8  system_stm32f10x.o(.text)
    .text                                    0x08001784   Section        0  misc.o(.text)
    .text                                    0x0800187c   Section        0  stm32f10x_gpio.o(.text)
    .text                                    0x08001bd4   Section        0  stm32f10x_i2c.o(.text)
    .text                                    0x08001fc4   Section        0  stm32f10x_rcc.o(.text)
    .text                                    0x08002368   Section        0  stm32f10x_tim.o(.text)
    TI4_Config                               0x080027f1   Thumb Code   118  stm32f10x_tim.o(.text)
    TI3_Config                               0x08002879   Thumb Code   114  stm32f10x_tim.o(.text)
    TI2_Config                               0x08002901   Thumb Code   118  stm32f10x_tim.o(.text)
    TI1_Config                               0x08002989   Thumb Code   106  stm32f10x_tim.o(.text)
    .text                                    0x08003118   Section        0  stm32f10x_usart.o(.text)
    .text                                    0x08003524   Section       36  startup_stm32f10x_hd.o(.text)
    .text                                    0x08003548   Section        0  fadd.o(.text)
    .text                                    0x080035f8   Section        0  fmul.o(.text)
    .text                                    0x08003664   Section        0  fdiv.o(.text)
    .text                                    0x080036e4   Section        0  dmul.o(.text)
    .text                                    0x080037c6   Section        0  ddiv.o(.text)
    .text                                    0x080038a4   Section        0  fflti.o(.text)
    .text                                    0x080038b6   Section        0  ffltui.o(.text)
    .text                                    0x080038c0   Section        0  f2d.o(.text)
    .text                                    0x080038ec   Section        0  d2f.o(.text)
    .text                                    0x08003924   Section       20  cfcmple.o(.text)
    .text                                    0x08003938   Section       20  cfrcmple.o(.text)
    .text                                    0x0800394c   Section        0  uidiv.o(.text)
    .text                                    0x08003978   Section        0  uldiv.o(.text)
    .text                                    0x080039de   Section        0  iusefp.o(.text)
    .text                                    0x080039de   Section        0  fepilogue.o(.text)
    .text                                    0x08003a4e   Section        0  depilogue.o(.text)
    .text                                    0x08003b10   Section        0  dadd.o(.text)
    .text                                    0x08003c5a   Section        0  dscalb.o(.text)
    .text                                    0x08003c88   Section        0  dsqrt.o(.text)
    .text                                    0x08003d28   Section        0  dfixul.o(.text)
    .text                                    0x08003d58   Section       40  cdrcmple.o(.text)
    .text                                    0x08003d80   Section       36  init.o(.text)
    .text                                    0x08003da4   Section        0  llshl.o(.text)
    .text                                    0x08003dc2   Section        0  llushr.o(.text)
    .text                                    0x08003de2   Section        0  llsshr.o(.text)
    i.__0printf                              0x08003e08   Section        0  printfa.o(i.__0printf)
    i.__ARM_fpclassify                       0x08003e28   Section        0  fpclassify.o(i.__ARM_fpclassify)
    i.__kernel_poly                          0x08003e50   Section        0  poly.o(i.__kernel_poly)
    i.__mathlib_dbl_underflow                0x08003efc   Section        0  dunder.o(i.__mathlib_dbl_underflow)
    i.__scatterload_copy                     0x08003f0c   Section       14  handlers.o(i.__scatterload_copy)
    i.__scatterload_null                     0x08003f1a   Section        2  handlers.o(i.__scatterload_null)
    i.__scatterload_zeroinit                 0x08003f1c   Section       14  handlers.o(i.__scatterload_zeroinit)
    i.__set_errno                            0x08003f2c   Section        0  errno.o(i.__set_errno)
    i._fp_digits                             0x08003f38   Section        0  printfa.o(i._fp_digits)
    _fp_digits                               0x08003f39   Thumb Code   318  printfa.o(i._fp_digits)
    i._printf_core                           0x0800408c   Section        0  printfa.o(i._printf_core)
    _printf_core                             0x0800408d   Thumb Code  1734  printfa.o(i._printf_core)
    i._printf_post_padding                   0x08004760   Section        0  printfa.o(i._printf_post_padding)
    _printf_post_padding                     0x08004761   Thumb Code    38  printfa.o(i._printf_post_padding)
    i._printf_pre_padding                    0x08004786   Section        0  printfa.o(i._printf_pre_padding)
    _printf_pre_padding                      0x08004787   Thumb Code    46  printfa.o(i._printf_pre_padding)
    i.asin                                   0x080047b4   Section        0  asin.o(i.asin)
    i.atan                                   0x08004a34   Section        0  atan.o(i.atan)
    i.atan2                                  0x08004c58   Section        0  atan2.o(i.atan2)
    i.sqrt                                   0x08004dd8   Section        0  sqrt.o(i.sqrt)
    .constdata                               0x08004e28   Section       80  asin.o(.constdata)
    pS                                       0x08004e28   Data          48  asin.o(.constdata)
    qS                                       0x08004e58   Data          32  asin.o(.constdata)
    .constdata                               0x08004e78   Section      152  atan.o(.constdata)
    atanhi                                   0x08004e78   Data          32  atan.o(.constdata)
    atanlo                                   0x08004e98   Data          32  atan.o(.constdata)
    aTodd                                    0x08004eb8   Data          40  atan.o(.constdata)
    aTeven                                   0x08004ee0   Data          48  atan.o(.constdata)
    .constdata                               0x08004f10   Section        8  qnan.o(.constdata)
    .data                                    0x20000000   Section       44  main.o(.data)
    .data                                    0x2000002c   Section      112  kalman.o(.data)
    .data                                    0x2000009c   Section       36  quaternion.o(.data)
    .data                                    0x200000c0   Section       20  system_stm32f10x.o(.data)
    .data                                    0x200000d4   Section       20  stm32f10x_rcc.o(.data)
    APBAHBPrescTable                         0x200000d4   Data          16  stm32f10x_rcc.o(.data)
    ADCPrescTable                            0x200000e4   Data           4  stm32f10x_rcc.o(.data)
    .data                                    0x200000e8   Section        4  stdout.o(.data)
    .data                                    0x200000ec   Section        4  errno.o(.data)
    _errno                                   0x200000ec   Data           4  errno.o(.data)
    .bss                                     0x200000f0   Section       16  kalman.o(.bss)
    STACK                                    0x20000100   Section     1024  startup_stm32f10x_hd.o(STACK)

    Global Symbols

    Symbol Name                              Value     Ov Type        Size  Object(Section)

    BuildAttributes$$THM_ISAv4$P$D$K$B$S$PE$A:L22UL41UL21$X:L11$S22US41US21$IEEE1$IW$USESV6$~STKCKD$USESV7$~SHL$OTIME$ROPI$IEEEX$EBA8$MICROLIB$REQ8$PRES8$EABIv2 0x00000000   Number         0  anon$$obj.o ABSOLUTE
    __ARM_use_no_argv                        0x00000000   Number         0  main.o ABSOLUTE
    _printf_a                                0x00000000   Number         0  stubs.o ABSOLUTE
    _printf_c                                0x00000000   Number         0  stubs.o ABSOLUTE
    _printf_charcount                        0x00000000   Number         0  stubs.o ABSOLUTE
    _printf_d                                0x00000000   Number         0  stubs.o ABSOLUTE
    _printf_e                                0x00000000   Number         0  stubs.o ABSOLUTE
    _printf_f                                0x00000000   Number         0  stubs.o ABSOLUTE
    _printf_flags                            0x00000000   Number         0  stubs.o ABSOLUTE
    _printf_fp_dec                           0x00000000   Number         0  stubs.o ABSOLUTE
    _printf_fp_hex                           0x00000000   Number         0  stubs.o ABSOLUTE
    _printf_g                                0x00000000   Number         0  stubs.o ABSOLUTE
    _printf_i                                0x00000000   Number         0  stubs.o ABSOLUTE
    _printf_int_dec                          0x00000000   Number         0  stubs.o ABSOLUTE
    _printf_l                                0x00000000   Number         0  stubs.o ABSOLUTE
    _printf_lc                               0x00000000   Number         0  stubs.o ABSOLUTE
    _printf_ll                               0x00000000   Number         0  stubs.o ABSOLUTE
    _printf_lld                              0x00000000   Number         0  stubs.o ABSOLUTE
    _printf_lli                              0x00000000   Number         0  stubs.o ABSOLUTE
    _printf_llo                              0x00000000   Number         0  stubs.o ABSOLUTE
    _printf_llu                              0x00000000   Number         0  stubs.o ABSOLUTE
    _printf_llx                              0x00000000   Number         0  stubs.o ABSOLUTE
    _printf_longlong_dec                     0x00000000   Number         0  stubs.o ABSOLUTE
    _printf_longlong_hex                     0x00000000   Number         0  stubs.o ABSOLUTE
    _printf_longlong_oct                     0x00000000   Number         0  stubs.o ABSOLUTE
    _printf_ls                               0x00000000   Number         0  stubs.o ABSOLUTE
    _printf_mbtowc                           0x00000000   Number         0  stubs.o ABSOLUTE
    _printf_n                                0x00000000   Number         0  stubs.o ABSOLUTE
    _printf_o                                0x00000000   Number         0  stubs.o ABSOLUTE
    _printf_p                                0x00000000   Number         0  stubs.o ABSOLUTE
    _printf_percent                          0x00000000   Number         0  stubs.o ABSOLUTE
    _printf_pre_padding                      0x00000000   Number         0  stubs.o ABSOLUTE
    _printf_return_value                     0x00000000   Number         0  stubs.o ABSOLUTE
    _printf_s                                0x00000000   Number         0  stubs.o ABSOLUTE
    _printf_sizespec                         0x00000000   Number         0  stubs.o ABSOLUTE
    _printf_str                              0x00000000   Number         0  stubs.o ABSOLUTE
    _printf_truncate_signed                  0x00000000   Number         0  stubs.o ABSOLUTE
    _printf_truncate_unsigned                0x00000000   Number         0  stubs.o ABSOLUTE
    _printf_u                                0x00000000   Number         0  stubs.o ABSOLUTE
    _printf_wc                               0x00000000   Number         0  stubs.o ABSOLUTE
    _printf_wctomb                           0x00000000   Number         0  stubs.o ABSOLUTE
    _printf_widthprec                        0x00000000   Number         0  stubs.o ABSOLUTE
    _printf_x                                0x00000000   Number         0  stubs.o ABSOLUTE
    __decompress                              - Undefined Weak Reference
    __Vectors_Size                           0x00000130   Number         0  startup_stm32f10x_hd.o ABSOLUTE
    __Vectors                                0x08000000   Data           4  startup_stm32f10x_hd.o(RESET)
    __Vectors_End                            0x08000130   Data           0  startup_stm32f10x_hd.o(RESET)
    __main                                   0x08000131   Thumb Code     0  entry.o(.ARM.Collect$$$$00000000)
    _main_stk                                0x08000131   Thumb Code     0  entry2.o(.ARM.Collect$$$$00000001)
    _main_scatterload                        0x08000135   Thumb Code     0  entry5.o(.ARM.Collect$$$$00000004)
    __main_after_scatterload                 0x08000139   Thumb Code     0  entry5.o(.ARM.Collect$$$$00000004)
    _main_init                               0x08000139   Thumb Code     0  entry7.o(.ARM.Collect$$$$00000007)
    delay                                    0x08000145   Thumb Code    26  main.o(.text)
    USART_Configuration                      0x0800015f   Thumb Code    58  main.o(.text)
    NVIC_Configuration                       0x08000199   Thumb Code    32  main.o(.text)
    TIM_Configuration                        0x080001b9   Thumb Code    58  main.o(.text)
    I2C_Configuration                        0x080001f3   Thumb Code    54  main.o(.text)
    GPIO_Configuration                       0x08000229   Thumb Code    76  main.o(.text)
    RCC_Configuration                        0x08000275   Thumb Code    48  main.o(.text)
    main                                     0x080002a5   Thumb Code    94  main.o(.text)
    fputc                                    0x08000303   Thumb Code    32  main.o(.text)
    TIM2_IRQHandler                          0x08000323   Thumb Code   960  main.o(.text)
    I2C_ByteWrite                            0x08000721   Thumb Code   112  i2c_mpu6050.o(.text)
    I2C_ByteRead                             0x08000791   Thumb Code   192  i2c_mpu6050.o(.text)
    MPU6050_Init                             0x08000851   Thumb Code    56  i2c_mpu6050.o(.text)
    MPU6050_GetData                          0x08000889   Thumb Code    38  i2c_mpu6050.o(.text)
    Kalman_Filter_Y                          0x080008bd   Thumb Code   558  kalman.o(.text)
    Kalman_Filter_X                          0x08000aeb   Thumb Code   636  kalman.o(.text)
    CalAngle_Kalman                          0x08000d67   Thumb Code   692  kalman.o(.text)
    CalAngle_Quaternion                      0x0800105d   Thumb Code  1322  quaternion.o(.text)
    NMI_Handler                              0x080015a1   Thumb Code     2  stm32f10x_it.o(.text)
    HardFault_Handler                        0x080015a3   Thumb Code     4  stm32f10x_it.o(.text)
    MemManage_Handler                        0x080015a7   Thumb Code     4  stm32f10x_it.o(.text)
    BusFault_Handler                         0x080015ab   Thumb Code     4  stm32f10x_it.o(.text)
    UsageFault_Handler                       0x080015af   Thumb Code     4  stm32f10x_it.o(.text)
    SVC_Handler                              0x080015b3   Thumb Code     2  stm32f10x_it.o(.text)
    DebugMon_Handler                         0x080015b5   Thumb Code     2  stm32f10x_it.o(.text)
    PendSV_Handler                           0x080015b7   Thumb Code     2  stm32f10x_it.o(.text)
    SysTick_Handler                          0x080015b9   Thumb Code     2  stm32f10x_it.o(.text)
    SystemInit                               0x08001685   Thumb Code    78  system_stm32f10x.o(.text)
    SystemCoreClockUpdate                    0x080016d3   Thumb Code   142  system_stm32f10x.o(.text)
    NVIC_PriorityGroupConfig                 0x08001785   Thumb Code    10  misc.o(.text)
    NVIC_Init                                0x0800178f   Thumb Code   118  misc.o(.text)
    NVIC_SetVectorTable                      0x08001805   Thumb Code    12  misc.o(.text)
    NVIC_SystemLPConfig                      0x08001811   Thumb Code    38  misc.o(.text)
    SysTick_CLKSourceConfig                  0x08001837   Thumb Code    40  misc.o(.text)
    GPIO_DeInit                              0x0800187d   Thumb Code   172  stm32f10x_gpio.o(.text)
    GPIO_AFIODeInit                          0x08001929   Thumb Code    20  stm32f10x_gpio.o(.text)
    GPIO_Init                                0x0800193d   Thumb Code   274  stm32f10x_gpio.o(.text)
    GPIO_StructInit                          0x08001a4f   Thumb Code    16  stm32f10x_gpio.o(.text)
    GPIO_ReadInputDataBit                    0x08001a5f   Thumb Code    18  stm32f10x_gpio.o(.text)
    GPIO_ReadInputData                       0x08001a71   Thumb Code     8  stm32f10x_gpio.o(.text)
    GPIO_ReadOutputDataBit                   0x08001a79   Thumb Code    18  stm32f10x_gpio.o(.text)
    GPIO_ReadOutputData                      0x08001a8b   Thumb Code     8  stm32f10x_gpio.o(.text)
    GPIO_SetBits                             0x08001a93   Thumb Code     4  stm32f10x_gpio.o(.text)
    GPIO_ResetBits                           0x08001a97   Thumb Code     4  stm32f10x_gpio.o(.text)
    GPIO_WriteBit                            0x08001a9b   Thumb Code    10  stm32f10x_gpio.o(.text)
    GPIO_Write                               0x08001aa5   Thumb Code     4  stm32f10x_gpio.o(.text)
    GPIO_PinLockConfig                       0x08001aa9   Thumb Code    18  stm32f10x_gpio.o(.text)
    GPIO_EventOutputConfig                   0x08001abb   Thumb Code    26  stm32f10x_gpio.o(.text)
    GPIO_EventOutputCmd                      0x08001ad5   Thumb Code     6  stm32f10x_gpio.o(.text)
    GPIO_PinRemapConfig                      0x08001adb   Thumb Code   138  stm32f10x_gpio.o(.text)
    GPIO_EXTILineConfig                      0x08001b65   Thumb Code    66  stm32f10x_gpio.o(.text)
    GPIO_ETH_MediaInterfaceConfig            0x08001ba7   Thumb Code     6  stm32f10x_gpio.o(.text)
    I2C_DeInit                               0x08001bd5   Thumb Code    50  stm32f10x_i2c.o(.text)
    I2C_Init                                 0x08001c07   Thumb Code   222  stm32f10x_i2c.o(.text)
    I2C_StructInit                           0x08001ce5   Thumb Code    30  stm32f10x_i2c.o(.text)
    I2C_Cmd                                  0x08001d03   Thumb Code    24  stm32f10x_i2c.o(.text)
    I2C_DMACmd                               0x08001d1b   Thumb Code    24  stm32f10x_i2c.o(.text)
    I2C_DMALastTransferCmd                   0x08001d33   Thumb Code    24  stm32f10x_i2c.o(.text)
    I2C_GenerateSTART                        0x08001d4b   Thumb Code    24  stm32f10x_i2c.o(.text)
    I2C_GenerateSTOP                         0x08001d63   Thumb Code    24  stm32f10x_i2c.o(.text)
    I2C_AcknowledgeConfig                    0x08001d7b   Thumb Code    24  stm32f10x_i2c.o(.text)
    I2C_OwnAddress2Config                    0x08001d93   Thumb Code    22  stm32f10x_i2c.o(.text)
    I2C_DualAddressCmd                       0x08001da9   Thumb Code    24  stm32f10x_i2c.o(.text)
    I2C_GeneralCallCmd                       0x08001dc1   Thumb Code    24  stm32f10x_i2c.o(.text)
    I2C_ITConfig                             0x08001dd9   Thumb Code    24  stm32f10x_i2c.o(.text)
    I2C_SendData                             0x08001df1   Thumb Code     4  stm32f10x_i2c.o(.text)
    I2C_ReceiveData                          0x08001df5   Thumb Code     8  stm32f10x_i2c.o(.text)
    I2C_Send7bitAddress                      0x08001dfd   Thumb Code    18  stm32f10x_i2c.o(.text)
    I2C_ReadRegister                         0x08001e0f   Thumb Code    12  stm32f10x_i2c.o(.text)
    I2C_SoftwareResetCmd                     0x08001e1b   Thumb Code    22  stm32f10x_i2c.o(.text)
    I2C_NACKPositionConfig                   0x08001e31   Thumb Code    28  stm32f10x_i2c.o(.text)
    I2C_SMBusAlertConfig                     0x08001e4d   Thumb Code    28  stm32f10x_i2c.o(.text)
    I2C_TransmitPEC                          0x08001e69   Thumb Code    24  stm32f10x_i2c.o(.text)
    I2C_PECPositionConfig                    0x08001e81   Thumb Code    28  stm32f10x_i2c.o(.text)
    I2C_CalculatePEC                         0x08001e9d   Thumb Code    24  stm32f10x_i2c.o(.text)
    I2C_GetPEC                               0x08001eb5   Thumb Code     8  stm32f10x_i2c.o(.text)
    I2C_ARPCmd                               0x08001ebd   Thumb Code    24  stm32f10x_i2c.o(.text)
    I2C_StretchClockCmd                      0x08001ed5   Thumb Code    24  stm32f10x_i2c.o(.text)
    I2C_FastModeDutyCycleConfig              0x08001eed   Thumb Code    28  stm32f10x_i2c.o(.text)
    I2C_CheckEvent                           0x08001f09   Thumb Code    42  stm32f10x_i2c.o(.text)
    I2C_GetLastEvent                         0x08001f33   Thumb Code    26  stm32f10x_i2c.o(.text)
    I2C_GetFlagStatus                        0x08001f4d   Thumb Code    42  stm32f10x_i2c.o(.text)
    I2C_ClearFlag                            0x08001f77   Thumb Code    12  stm32f10x_i2c.o(.text)
    I2C_GetITStatus                          0x08001f83   Thumb Code    38  stm32f10x_i2c.o(.text)
    I2C_ClearITPendingBit                    0x08001fa9   Thumb Code    12  stm32f10x_i2c.o(.text)
    RCC_DeInit                               0x08001fc5   Thumb Code    64  stm32f10x_rcc.o(.text)
    RCC_HSEConfig                            0x08002005   Thumb Code    70  stm32f10x_rcc.o(.text)
    RCC_GetFlagStatus                        0x0800204b   Thumb Code    56  stm32f10x_rcc.o(.text)
    RCC_WaitForHSEStartUp                    0x08002083   Thumb Code    48  stm32f10x_rcc.o(.text)
    RCC_AdjustHSICalibrationValue            0x080020b3   Thumb Code    20  stm32f10x_rcc.o(.text)
    RCC_HSICmd                               0x080020c7   Thumb Code     6  stm32f10x_rcc.o(.text)
    RCC_PLLConfig                            0x080020cd   Thumb Code    24  stm32f10x_rcc.o(.text)
    RCC_PLLCmd                               0x080020e5   Thumb Code     6  stm32f10x_rcc.o(.text)
    RCC_SYSCLKConfig                         0x080020eb   Thumb Code    18  stm32f10x_rcc.o(.text)
    RCC_GetSYSCLKSource                      0x080020fd   Thumb Code    10  stm32f10x_rcc.o(.text)
    RCC_HCLKConfig                           0x08002107   Thumb Code    18  stm32f10x_rcc.o(.text)
    RCC_PCLK1Config                          0x08002119   Thumb Code    18  stm32f10x_rcc.o(.text)
    RCC_PCLK2Config                          0x0800212b   Thumb Code    20  stm32f10x_rcc.o(.text)
    RCC_ITConfig                             0x0800213f   Thumb Code    30  stm32f10x_rcc.o(.text)
    RCC_USBCLKConfig                         0x0800215d   Thumb Code     6  stm32f10x_rcc.o(.text)
    RCC_ADCCLKConfig                         0x08002163   Thumb Code    18  stm32f10x_rcc.o(.text)
    RCC_LSEConfig                            0x08002175   Thumb Code    44  stm32f10x_rcc.o(.text)
    RCC_LSICmd                               0x080021a1   Thumb Code     6  stm32f10x_rcc.o(.text)
    RCC_RTCCLKConfig                         0x080021a7   Thumb Code    12  stm32f10x_rcc.o(.text)
    RCC_RTCCLKCmd                            0x080021b3   Thumb Code     6  stm32f10x_rcc.o(.text)
    RCC_GetClocksFreq                        0x080021b9   Thumb Code   192  stm32f10x_rcc.o(.text)
    RCC_AHBPeriphClockCmd                    0x08002279   Thumb Code    26  stm32f10x_rcc.o(.text)
    RCC_APB2PeriphClockCmd                   0x08002293   Thumb Code    26  stm32f10x_rcc.o(.text)
    RCC_APB1PeriphClockCmd                   0x080022ad   Thumb Code    26  stm32f10x_rcc.o(.text)
    RCC_APB2PeriphResetCmd                   0x080022c7   Thumb Code    26  stm32f10x_rcc.o(.text)
    RCC_APB1PeriphResetCmd                   0x080022e1   Thumb Code    26  stm32f10x_rcc.o(.text)
    RCC_BackupResetCmd                       0x080022fb   Thumb Code     6  stm32f10x_rcc.o(.text)
    RCC_ClockSecuritySystemCmd               0x08002301   Thumb Code     6  stm32f10x_rcc.o(.text)
    RCC_MCOConfig                            0x08002307   Thumb Code     6  stm32f10x_rcc.o(.text)
    RCC_ClearFlag                            0x0800230d   Thumb Code    14  stm32f10x_rcc.o(.text)
    RCC_GetITStatus                          0x0800231b   Thumb Code    20  stm32f10x_rcc.o(.text)
    RCC_ClearITPendingBit                    0x0800232f   Thumb Code     6  stm32f10x_rcc.o(.text)
    TIM_DeInit                               0x08002369   Thumb Code   424  stm32f10x_tim.o(.text)
    TIM_TimeBaseInit                         0x08002511   Thumb Code   122  stm32f10x_tim.o(.text)
    TIM_OC1Init                              0x0800258b   Thumb Code   132  stm32f10x_tim.o(.text)
    TIM_OC2Init                              0x0800260f   Thumb Code   146  stm32f10x_tim.o(.text)
    TIM_OC3Init                              0x080026a1   Thumb Code   142  stm32f10x_tim.o(.text)
    TIM_OC4Init                              0x0800272f   Thumb Code   172  stm32f10x_tim.o(.text)
    TIM_SetIC4Prescaler                      0x080027db   Thumb Code    22  stm32f10x_tim.o(.text)
    TIM_SetIC3Prescaler                      0x08002867   Thumb Code    18  stm32f10x_tim.o(.text)
    TIM_SetIC2Prescaler                      0x080028eb   Thumb Code    22  stm32f10x_tim.o(.text)
    TIM_SetIC1Prescaler                      0x08002977   Thumb Code    18  stm32f10x_tim.o(.text)
    TIM_ICInit                               0x080029f3   Thumb Code   150  stm32f10x_tim.o(.text)
    TIM_PWMIConfig                           0x08002a89   Thumb Code   124  stm32f10x_tim.o(.text)
    TIM_BDTRConfig                           0x08002b05   Thumb Code    32  stm32f10x_tim.o(.text)
    TIM_TimeBaseStructInit                   0x08002b25   Thumb Code    18  stm32f10x_tim.o(.text)
    TIM_OCStructInit                         0x08002b37   Thumb Code    20  stm32f10x_tim.o(.text)
    TIM_ICStructInit                         0x08002b4b   Thumb Code    18  stm32f10x_tim.o(.text)
    TIM_BDTRStructInit                       0x08002b5d   Thumb Code    18  stm32f10x_tim.o(.text)
    TIM_Cmd                                  0x08002b6f   Thumb Code    24  stm32f10x_tim.o(.text)
    TIM_CtrlPWMOutputs                       0x08002b87   Thumb Code    52  stm32f10x_tim.o(.text)
    TIM_ITConfig                             0x08002bbb   Thumb Code    24  stm32f10x_tim.o(.text)
    TIM_GenerateEvent                        0x08002bd3   Thumb Code     4  stm32f10x_tim.o(.text)
    TIM_DMAConfig                            0x08002bd7   Thumb Code    10  stm32f10x_tim.o(.text)
    TIM_DMACmd                               0x08002be1   Thumb Code    24  stm32f10x_tim.o(.text)
    TIM_InternalClockConfig                  0x08002bf9   Thumb Code    12  stm32f10x_tim.o(.text)
    TIM_SelectInputTrigger                   0x08002c05   Thumb Code    18  stm32f10x_tim.o(.text)
    TIM_ITRxExternalClockConfig              0x08002c17   Thumb Code    24  stm32f10x_tim.o(.text)
    TIM_TIxExternalClockConfig               0x08002c2f   Thumb Code    62  stm32f10x_tim.o(.text)
    TIM_ETRConfig                            0x08002c6d   Thumb Code    24  stm32f10x_tim.o(.text)
    TIM_ETRClockMode1Config                  0x08002c85   Thumb Code    54  stm32f10x_tim.o(.text)
    TIM_ETRClockMode2Config                  0x08002cbb   Thumb Code    32  stm32f10x_tim.o(.text)
    TIM_PrescalerConfig                      0x08002cdb   Thumb Code     6  stm32f10x_tim.o(.text)
    TIM_CounterModeConfig                    0x08002ce1   Thumb Code    18  stm32f10x_tim.o(.text)
    TIM_EncoderInterfaceConfig               0x08002cf3   Thumb Code    62  stm32f10x_tim.o(.text)
    TIM_ForcedOC1Config                      0x08002d31   Thumb Code    18  stm32f10x_tim.o(.text)
    TIM_ForcedOC2Config                      0x08002d43   Thumb Code    22  stm32f10x_tim.o(.text)
    TIM_ForcedOC3Config                      0x08002d59   Thumb Code    18  stm32f10x_tim.o(.text)
    TIM_ForcedOC4Config                      0x08002d6b   Thumb Code    22  stm32f10x_tim.o(.text)
    TIM_ARRPreloadConfig                     0x08002d81   Thumb Code    24  stm32f10x_tim.o(.text)
    TIM_SelectCOM                            0x08002d99   Thumb Code    24  stm32f10x_tim.o(.text)
    TIM_SelectCCDMA                          0x08002db1   Thumb Code    24  stm32f10x_tim.o(.text)
    TIM_CCPreloadControl                     0x08002dc9   Thumb Code    24  stm32f10x_tim.o(.text)
    TIM_OC1PreloadConfig                     0x08002de1   Thumb Code    18  stm32f10x_tim.o(.text)
    TIM_OC2PreloadConfig                     0x08002df3   Thumb Code    22  stm32f10x_tim.o(.text)
    TIM_OC3PreloadConfig                     0x08002e09   Thumb Code    18  stm32f10x_tim.o(.text)
    TIM_OC4PreloadConfig                     0x08002e1b   Thumb Code    22  stm32f10x_tim.o(.text)
    TIM_OC1FastConfig                        0x08002e31   Thumb Code    18  stm32f10x_tim.o(.text)
    TIM_OC2FastConfig                        0x08002e43   Thumb Code    22  stm32f10x_tim.o(.text)
    TIM_OC3FastConfig                        0x08002e59   Thumb Code    18  stm32f10x_tim.o(.text)
    TIM_OC4FastConfig                        0x08002e6b   Thumb Code    22  stm32f10x_tim.o(.text)
    TIM_ClearOC1Ref                          0x08002e81   Thumb Code    18  stm32f10x_tim.o(.text)
    TIM_ClearOC2Ref                          0x08002e93   Thumb Code    20  stm32f10x_tim.o(.text)
    TIM_ClearOC3Ref                          0x08002ea7   Thumb Code    18  stm32f10x_tim.o(.text)
    TIM_ClearOC4Ref                          0x08002eb9   Thumb Code    20  stm32f10x_tim.o(.text)
    TIM_OC1PolarityConfig                    0x08002ecd   Thumb Code    18  stm32f10x_tim.o(.text)
    TIM_OC1NPolarityConfig                   0x08002edf   Thumb Code    18  stm32f10x_tim.o(.text)
    TIM_OC2PolarityConfig                    0x08002ef1   Thumb Code    22  stm32f10x_tim.o(.text)
    TIM_OC2NPolarityConfig                   0x08002f07   Thumb Code    22  stm32f10x_tim.o(.text)
    TIM_OC3PolarityConfig                    0x08002f1d   Thumb Code    22  stm32f10x_tim.o(.text)
    TIM_OC3NPolarityConfig                   0x08002f33   Thumb Code    22  stm32f10x_tim.o(.text)
    TIM_OC4PolarityConfig                    0x08002f49   Thumb Code    22  stm32f10x_tim.o(.text)
    TIM_CCxCmd                               0x08002f5f   Thumb Code    34  stm32f10x_tim.o(.text)
    TIM_CCxNCmd                              0x08002f81   Thumb Code    34  stm32f10x_tim.o(.text)
    TIM_SelectOCxM                           0x08002fa3   Thumb Code    82  stm32f10x_tim.o(.text)
    TIM_UpdateDisableConfig                  0x08002ff5   Thumb Code    24  stm32f10x_tim.o(.text)
    TIM_UpdateRequestConfig                  0x0800300d   Thumb Code    24  stm32f10x_tim.o(.text)
    TIM_SelectHallSensor                     0x08003025   Thumb Code    24  stm32f10x_tim.o(.text)
    TIM_SelectOnePulseMode                   0x0800303d   Thumb Code    18  stm32f10x_tim.o(.text)
    TIM_SelectOutputTrigger                  0x0800304f   Thumb Code    18  stm32f10x_tim.o(.text)
    TIM_SelectSlaveMode                      0x08003061   Thumb Code    18  stm32f10x_tim.o(.text)
    TIM_SelectMasterSlaveMode                0x08003073   Thumb Code    18  stm32f10x_tim.o(.text)
    TIM_SetCounter                           0x08003085   Thumb Code     4  stm32f10x_tim.o(.text)
    TIM_SetAutoreload                        0x08003089   Thumb Code     4  stm32f10x_tim.o(.text)
    TIM_SetCompare1                          0x0800308d   Thumb Code     4  stm32f10x_tim.o(.text)
    TIM_SetCompare2                          0x08003091   Thumb Code     4  stm32f10x_tim.o(.text)
    TIM_SetCompare3                          0x08003095   Thumb Code     4  stm32f10x_tim.o(.text)
    TIM_SetCompare4                          0x08003099   Thumb Code     6  stm32f10x_tim.o(.text)
    TIM_SetClockDivision                     0x0800309f   Thumb Code    18  stm32f10x_tim.o(.text)
    TIM_GetCapture1                          0x080030b1   Thumb Code     6  stm32f10x_tim.o(.text)
    TIM_GetCapture2                          0x080030b7   Thumb Code     6  stm32f10x_tim.o(.text)
    TIM_GetCapture3                          0x080030bd   Thumb Code     6  stm32f10x_tim.o(.text)
    TIM_GetCapture4                          0x080030c3   Thumb Code     8  stm32f10x_tim.o(.text)
    TIM_GetCounter                           0x080030cb   Thumb Code     6  stm32f10x_tim.o(.text)
    TIM_GetPrescaler                         0x080030d1   Thumb Code     6  stm32f10x_tim.o(.text)
    TIM_GetFlagStatus                        0x080030d7   Thumb Code    18  stm32f10x_tim.o(.text)
    TIM_ClearFlag                            0x080030e9   Thumb Code     6  stm32f10x_tim.o(.text)
    TIM_GetITStatus                          0x080030ef   Thumb Code    34  stm32f10x_tim.o(.text)
    TIM_ClearITPendingBit                    0x08003111   Thumb Code     6  stm32f10x_tim.o(.text)
    USART_DeInit                             0x08003119   Thumb Code   134  stm32f10x_usart.o(.text)
    USART_Init                               0x0800319f   Thumb Code   210  stm32f10x_usart.o(.text)
    USART_StructInit                         0x08003271   Thumb Code    24  stm32f10x_usart.o(.text)
    USART_ClockInit                          0x08003289   Thumb Code    34  stm32f10x_usart.o(.text)
    USART_ClockStructInit                    0x080032ab   Thumb Code    12  stm32f10x_usart.o(.text)
    USART_Cmd                                0x080032b7   Thumb Code    24  stm32f10x_usart.o(.text)
    USART_ITConfig                           0x080032cf   Thumb Code    74  stm32f10x_usart.o(.text)
    USART_DMACmd                             0x08003319   Thumb Code    24  stm32f10x_usart.o(.text)
    USART_SetAddress                         0x08003331   Thumb Code    18  stm32f10x_usart.o(.text)
    USART_WakeUpConfig                       0x08003343   Thumb Code    18  stm32f10x_usart.o(.text)
    USART_ReceiverWakeUpCmd                  0x08003355   Thumb Code    24  stm32f10x_usart.o(.text)
    USART_LINBreakDetectLengthConfig         0x0800336d   Thumb Code    18  stm32f10x_usart.o(.text)
    USART_LINCmd                             0x0800337f   Thumb Code    24  stm32f10x_usart.o(.text)
    USART_SendData                           0x08003397   Thumb Code     8  stm32f10x_usart.o(.text)
    USART_ReceiveData                        0x0800339f   Thumb Code    10  stm32f10x_usart.o(.text)
    USART_SendBreak                          0x080033a9   Thumb Code    10  stm32f10x_usart.o(.text)
    USART_SetGuardTime                       0x080033b3   Thumb Code    16  stm32f10x_usart.o(.text)
    USART_SetPrescaler                       0x080033c3   Thumb Code    16  stm32f10x_usart.o(.text)
    USART_SmartCardCmd                       0x080033d3   Thumb Code    24  stm32f10x_usart.o(.text)
    USART_SmartCardNACKCmd                   0x080033eb   Thumb Code    24  stm32f10x_usart.o(.text)
    USART_HalfDuplexCmd                      0x08003403   Thumb Code    24  stm32f10x_usart.o(.text)
    USART_OverSampling8Cmd                   0x0800341b   Thumb Code    22  stm32f10x_usart.o(.text)
    USART_OneBitMethodCmd                    0x08003431   Thumb Code    24  stm32f10x_usart.o(.text)
    USART_IrDAConfig                         0x08003449   Thumb Code    18  stm32f10x_usart.o(.text)
    USART_IrDACmd                            0x0800345b   Thumb Code    24  stm32f10x_usart.o(.text)
    USART_GetFlagStatus                      0x08003473   Thumb Code    26  stm32f10x_usart.o(.text)
    USART_ClearFlag                          0x0800348d   Thumb Code    18  stm32f10x_usart.o(.text)
    USART_GetITStatus                        0x0800349f   Thumb Code    84  stm32f10x_usart.o(.text)
    USART_ClearITPendingBit                  0x080034f3   Thumb Code    50  stm32f10x_usart.o(.text)
    Reset_Handler                            0x08003525   Thumb Code     8  startup_stm32f10x_hd.o(.text)
    ADC1_2_IRQHandler                        0x0800353f   Thumb Code     0  startup_stm32f10x_hd.o(.text)
    ADC3_IRQHandler                          0x0800353f   Thumb Code     0  startup_stm32f10x_hd.o(.text)
    CAN1_RX1_IRQHandler                      0x0800353f   Thumb Code     0  startup_stm32f10x_hd.o(.text)
    CAN1_SCE_IRQHandler                      0x0800353f   Thumb Code     0  startup_stm32f10x_hd.o(.text)
    DMA1_Channel1_IRQHandler                 0x0800353f   Thumb Code     0  startup_stm32f10x_hd.o(.text)
    DMA1_Channel2_IRQHandler                 0x0800353f   Thumb Code     0  startup_stm32f10x_hd.o(.text)
    DMA1_Channel3_IRQHandler                 0x0800353f   Thumb Code     0  startup_stm32f10x_hd.o(.text)
    DMA1_Channel4_IRQHandler                 0x0800353f   Thumb Code     0  startup_stm32f10x_hd.o(.text)
    DMA1_Channel5_IRQHandler                 0x0800353f   Thumb Code     0  startup_stm32f10x_hd.o(.text)
    DMA1_Channel6_IRQHandler                 0x0800353f   Thumb Code     0  startup_stm32f10x_hd.o(.text)
    DMA1_Channel7_IRQHandler                 0x0800353f   Thumb Code     0  startup_stm32f10x_hd.o(.text)
    DMA2_Channel1_IRQHandler                 0x0800353f   Thumb Code     0  startup_stm32f10x_hd.o(.text)
    DMA2_Channel2_IRQHandler                 0x0800353f   Thumb Code     0  startup_stm32f10x_hd.o(.text)
    DMA2_Channel3_IRQHandler                 0x0800353f   Thumb Code     0  startup_stm32f10x_hd.o(.text)
    DMA2_Channel4_5_IRQHandler               0x0800353f   Thumb Code     0  startup_stm32f10x_hd.o(.text)
    EXTI0_IRQHandler                         0x0800353f   Thumb Code     0  startup_stm32f10x_hd.o(.text)
    EXTI15_10_IRQHandler                     0x0800353f   Thumb Code     0  startup_stm32f10x_hd.o(.text)
    EXTI1_IRQHandler                         0x0800353f   Thumb Code     0  startup_stm32f10x_hd.o(.text)
    EXTI2_IRQHandler                         0x0800353f   Thumb Code     0  startup_stm32f10x_hd.o(.text)
    EXTI3_IRQHandler                         0x0800353f   Thumb Code     0  startup_stm32f10x_hd.o(.text)
    EXTI4_IRQHandler                         0x0800353f   Thumb Code     0  startup_stm32f10x_hd.o(.text)
    EXTI9_5_IRQHandler                       0x0800353f   Thumb Code     0  startup_stm32f10x_hd.o(.text)
    FLASH_IRQHandler                         0x0800353f   Thumb Code     0  startup_stm32f10x_hd.o(.text)
    FSMC_IRQHandler                          0x0800353f   Thumb Code     0  startup_stm32f10x_hd.o(.text)
    I2C1_ER_IRQHandler                       0x0800353f   Thumb Code     0  startup_stm32f10x_hd.o(.text)
    I2C1_EV_IRQHandler                       0x0800353f   Thumb Code     0  startup_stm32f10x_hd.o(.text)
    I2C2_ER_IRQHandler                       0x0800353f   Thumb Code     0  startup_stm32f10x_hd.o(.text)
    I2C2_EV_IRQHandler                       0x0800353f   Thumb Code     0  startup_stm32f10x_hd.o(.text)
    PVD_IRQHandler                           0x0800353f   Thumb Code     0  startup_stm32f10x_hd.o(.text)
    RCC_IRQHandler                           0x0800353f   Thumb Code     0  startup_stm32f10x_hd.o(.text)
    RTCAlarm_IRQHandler                      0x0800353f   Thumb Code     0  startup_stm32f10x_hd.o(.text)
    RTC_IRQHandler                           0x0800353f   Thumb Code     0  startup_stm32f10x_hd.o(.text)
    SDIO_IRQHandler                          0x0800353f   Thumb Code     0  startup_stm32f10x_hd.o(.text)
    SPI1_IRQHandler                          0x0800353f   Thumb Code     0  startup_stm32f10x_hd.o(.text)
    SPI2_IRQHandler                          0x0800353f   Thumb Code     0  startup_stm32f10x_hd.o(.text)
    SPI3_IRQHandler                          0x0800353f   Thumb Code     0  startup_stm32f10x_hd.o(.text)
    TAMPER_IRQHandler                        0x0800353f   Thumb Code     0  startup_stm32f10x_hd.o(.text)
    TIM1_BRK_IRQHandler                      0x0800353f   Thumb Code     0  startup_stm32f10x_hd.o(.text)
    TIM1_CC_IRQHandler                       0x0800353f   Thumb Code     0  startup_stm32f10x_hd.o(.text)
    TIM1_TRG_COM_IRQHandler                  0x0800353f   Thumb Code     0  startup_stm32f10x_hd.o(.text)
    TIM1_UP_IRQHandler                       0x0800353f   Thumb Code     0  startup_stm32f10x_hd.o(.text)
    TIM3_IRQHandler                          0x0800353f   Thumb Code     0  startup_stm32f10x_hd.o(.text)
    TIM4_IRQHandler                          0x0800353f   Thumb Code     0  startup_stm32f10x_hd.o(.text)
    TIM5_IRQHandler                          0x0800353f   Thumb Code     0  startup_stm32f10x_hd.o(.text)
    TIM6_IRQHandler                          0x0800353f   Thumb Code     0  startup_stm32f10x_hd.o(.text)
    TIM7_IRQHandler                          0x0800353f   Thumb Code     0  startup_stm32f10x_hd.o(.text)
    TIM8_BRK_IRQHandler                      0x0800353f   Thumb Code     0  startup_stm32f10x_hd.o(.text)
    TIM8_CC_IRQHandler                       0x0800353f   Thumb Code     0  startup_stm32f10x_hd.o(.text)
    TIM8_TRG_COM_IRQHandler                  0x0800353f   Thumb Code     0  startup_stm32f10x_hd.o(.text)
    TIM8_UP_IRQHandler                       0x0800353f   Thumb Code     0  startup_stm32f10x_hd.o(.text)
    UART4_IRQHandler                         0x0800353f   Thumb Code     0  startup_stm32f10x_hd.o(.text)
    UART5_IRQHandler                         0x0800353f   Thumb Code     0  startup_stm32f10x_hd.o(.text)
    USART1_IRQHandler                        0x0800353f   Thumb Code     0  startup_stm32f10x_hd.o(.text)
    USART2_IRQHandler                        0x0800353f   Thumb Code     0  startup_stm32f10x_hd.o(.text)
    USART3_IRQHandler                        0x0800353f   Thumb Code     0  startup_stm32f10x_hd.o(.text)
    USBWakeUp_IRQHandler                     0x0800353f   Thumb Code     0  startup_stm32f10x_hd.o(.text)
    USB_HP_CAN1_TX_IRQHandler                0x0800353f   Thumb Code     0  startup_stm32f10x_hd.o(.text)
    USB_LP_CAN1_RX0_IRQHandler               0x0800353f   Thumb Code     0  startup_stm32f10x_hd.o(.text)
    WWDG_IRQHandler                          0x0800353f   Thumb Code     0  startup_stm32f10x_hd.o(.text)
    __aeabi_fadd                             0x08003549   Thumb Code   164  fadd.o(.text)
    __aeabi_fsub                             0x080035ed   Thumb Code     6  fadd.o(.text)
    __aeabi_frsub                            0x080035f3   Thumb Code     6  fadd.o(.text)
    __aeabi_fmul                             0x080035f9   Thumb Code   108  fmul.o(.text)
    __aeabi_fdiv                             0x08003665   Thumb Code   128  fdiv.o(.text)
    __aeabi_dmul                             0x080036e5   Thumb Code   226  dmul.o(.text)
    __aeabi_ddiv                             0x080037c7   Thumb Code   222  ddiv.o(.text)
    __aeabi_i2f                              0x080038a5   Thumb Code    18  fflti.o(.text)
    __aeabi_ui2f                             0x080038b7   Thumb Code    10  ffltui.o(.text)
    __aeabi_f2d                              0x080038c1   Thumb Code    44  f2d.o(.text)
    __aeabi_d2f                              0x080038ed   Thumb Code    56  d2f.o(.text)
    __aeabi_cfcmpeq                          0x08003925   Thumb Code     0  cfcmple.o(.text)
    __aeabi_cfcmple                          0x08003925   Thumb Code    20  cfcmple.o(.text)
    __aeabi_cfrcmple                         0x08003939   Thumb Code    20  cfrcmple.o(.text)
    __aeabi_uidiv                            0x0800394d   Thumb Code     0  uidiv.o(.text)
    __aeabi_uidivmod                         0x0800394d   Thumb Code    44  uidiv.o(.text)
    __aeabi_uldivmod                         0x08003979   Thumb Code   102  uldiv.o(.text)
    __I$use$fp                               0x080039df   Thumb Code     0  iusefp.o(.text)
    _float_round                             0x080039df   Thumb Code    18  fepilogue.o(.text)
    _float_epilogue                          0x080039f1   Thumb Code    94  fepilogue.o(.text)
    _double_round                            0x08003a4f   Thumb Code    26  depilogue.o(.text)
    _double_epilogue                         0x08003a69   Thumb Code   168  depilogue.o(.text)
    __aeabi_dadd                             0x08003b11   Thumb Code   318  dadd.o(.text)
    __aeabi_dsub                             0x08003c4f   Thumb Code     6  dadd.o(.text)
    __aeabi_drsub                            0x08003c55   Thumb Code     6  dadd.o(.text)
    __ARM_scalbn                             0x08003c5b   Thumb Code    46  dscalb.o(.text)
    scalbn                                   0x08003c5b   Thumb Code     0  dscalb.o(.text)
    _dsqrt                                   0x08003c89   Thumb Code   160  dsqrt.o(.text)
    __aeabi_d2ulz                            0x08003d29   Thumb Code    48  dfixul.o(.text)
    __aeabi_cdrcmple                         0x08003d59   Thumb Code    38  cdrcmple.o(.text)
    __scatterload                            0x08003d81   Thumb Code    28  init.o(.text)
    __scatterload_rt2                        0x08003d81   Thumb Code     0  init.o(.text)
    __aeabi_llsl                             0x08003da5   Thumb Code    30  llshl.o(.text)
    _ll_shift_l                              0x08003da5   Thumb Code     0  llshl.o(.text)
    __aeabi_llsr                             0x08003dc3   Thumb Code    32  llushr.o(.text)
    _ll_ushift_r                             0x08003dc3   Thumb Code     0  llushr.o(.text)
    __aeabi_lasr                             0x08003de3   Thumb Code    36  llsshr.o(.text)
    _ll_sshift_r                             0x08003de3   Thumb Code     0  llsshr.o(.text)
    __0printf                                0x08003e09   Thumb Code    22  printfa.o(i.__0printf)
    __1printf                                0x08003e09   Thumb Code     0  printfa.o(i.__0printf)
    __2printf                                0x08003e09   Thumb Code     0  printfa.o(i.__0printf)
    __c89printf                              0x08003e09   Thumb Code     0  printfa.o(i.__0printf)
    printf                                   0x08003e09   Thumb Code     0  printfa.o(i.__0printf)
    __ARM_fpclassify                         0x08003e29   Thumb Code    40  fpclassify.o(i.__ARM_fpclassify)
    __kernel_poly                            0x08003e51   Thumb Code   170  poly.o(i.__kernel_poly)
    __mathlib_dbl_underflow                  0x08003efd   Thumb Code    10  dunder.o(i.__mathlib_dbl_underflow)
    __scatterload_copy                       0x08003f0d   Thumb Code    14  handlers.o(i.__scatterload_copy)
    __scatterload_null                       0x08003f1b   Thumb Code     2  handlers.o(i.__scatterload_null)
    __scatterload_zeroinit                   0x08003f1d   Thumb Code    14  handlers.o(i.__scatterload_zeroinit)
    __set_errno                              0x08003f2d   Thumb Code     6  errno.o(i.__set_errno)
    asin                                     0x080047b5   Thumb Code   586  asin.o(i.asin)
    atan                                     0x08004a35   Thumb Code   480  atan.o(i.atan)
    atan2                                    0x08004c59   Thumb Code   346  atan2.o(i.atan2)
    sqrt                                     0x08004dd9   Thumb Code    74  sqrt.o(i.sqrt)
    __mathlib_zero                           0x08004f10   Data           8  qnan.o(.constdata)
    Region$$Table$$Base                      0x08004f18   Number         0  anon$$obj.o(Region$$Table)
    Region$$Table$$Limit                     0x08004f38   Number         0  anon$$obj.o(Region$$Table)
    X_angle                                  0x20000000   Data           4  main.o(.data)
    Y_angle                                  0x20000004   Data           4  main.o(.data)
    X_angle0                                 0x20000008   Data           4  main.o(.data)
    Y_angle0                                 0x2000000c   Data           4  main.o(.data)
    mode                                     0x20000010   Data           1  main.o(.data)
    count                                    0x20000011   Data           1  main.o(.data)
    AX                                       0x20000014   Data           4  main.o(.data)
    AY                                       0x20000018   Data           4  main.o(.data)
    AZ                                       0x2000001c   Data           4  main.o(.data)
    GX                                       0x20000020   Data           4  main.o(.data)
    GY                                       0x20000024   Data           4  main.o(.data)
    GZ                                       0x20000028   Data           4  main.o(.data)
    Q_angle                                  0x2000002c   Data           4  kalman.o(.data)
    Q_gyro                                   0x20000030   Data           4  kalman.o(.data)
    R_angle                                  0x20000034   Data           4  kalman.o(.data)
    dt                                       0x20000038   Data           4  kalman.o(.data)
    C_0                                      0x2000003c   Data           1  kalman.o(.data)
    PP                                       0x20000040   Data          16  kalman.o(.data)
    Accel_x                                  0x20000050   Data           4  kalman.o(.data)
    Accel_y                                  0x20000054   Data           4  kalman.o(.data)
    Accel_z                                  0x20000058   Data           4  kalman.o(.data)
    Gyro_x                                   0x2000005c   Data           4  kalman.o(.data)
    Gyro_y                                   0x20000060   Data           4  kalman.o(.data)
    Gyro_z                                   0x20000064   Data           4  kalman.o(.data)
    Angle_x_temp                             0x20000068   Data           4  kalman.o(.data)
    Angle_y_temp                             0x2000006c   Data           4  kalman.o(.data)
    Angle_X_Kalman                           0x20000070   Data           4  kalman.o(.data)
    Angle_Y_Kalman                           0x20000074   Data           4  kalman.o(.data)
    Q_bias                                   0x20000078   Data           4  kalman.o(.data)
    Angle_err                                0x2000007c   Data           4  kalman.o(.data)
    PCt_0                                    0x20000080   Data           4  kalman.o(.data)
    PCt_1                                    0x20000084   Data           4  kalman.o(.data)
    E                                        0x20000088   Data           4  kalman.o(.data)
    K_0                                      0x2000008c   Data           4  kalman.o(.data)
    K_1                                      0x20000090   Data           4  kalman.o(.data)
    t_0                                      0x20000094   Data           4  kalman.o(.data)
    t_1                                      0x20000098   Data           4  kalman.o(.data)
    q0                                       0x2000009c   Data           4  quaternion.o(.data)
    q1                                       0x200000a0   Data           4  quaternion.o(.data)
    q2                                       0x200000a4   Data           4  quaternion.o(.data)
    q3                                       0x200000a8   Data           4  quaternion.o(.data)
    exInt                                    0x200000ac   Data           4  quaternion.o(.data)
    eyInt                                    0x200000b0   Data           4  quaternion.o(.data)
    ezInt                                    0x200000b4   Data           4  quaternion.o(.data)
    Angle_X_Quaternion                       0x200000b8   Data           4  quaternion.o(.data)
    Angle_Y_Quaternion                       0x200000bc   Data           4  quaternion.o(.data)
    SystemCoreClock                          0x200000c0   Data           4  system_stm32f10x.o(.data)
    AHBPrescTable                            0x200000c4   Data          16  system_stm32f10x.o(.data)
    __stdout                                 0x200000e8   Data           4  stdout.o(.data)
    Pdot                                     0x200000f0   Data          16  kalman.o(.bss)
    __initial_sp                             0x20000500   Data           0  startup_stm32f10x_hd.o(STACK)



==============================================================================

Memory Map of the image

  Image Entry point : 0x08003525

  Load Region LR_1 (Base: 0x08000000, Size: 0x00005028, Max: 0xffffffff, ABSOLUTE)

    Execution Region ER_RO (Base: 0x08000000, Size: 0x00004f38, Max: 0xffffffff, ABSOLUTE)

    Base Addr    Size         Type   Attr      Idx    E Section Name        Object

    0x08000000   0x00000130   Data   RO          282    RESET               startup_stm32f10x_hd.o
    0x08000130   0x00000000   Code   RO          323  * .ARM.Collect$$$$00000000  mc_w.l(entry.o)(mc_w.l)
    0x08000130   0x00000004   Code   RO          616    .ARM.Collect$$$$00000001  mc_w.l(entry2.o)(mc_w.l)
    0x08000134   0x00000004   Code   RO          619    .ARM.Collect$$$$00000004  mc_w.l(entry5.o)(mc_w.l)
    0x08000138   0x00000008   Code   RO          620    .ARM.Collect$$$$00000007  mc_w.l(entry7.o)(mc_w.l)
    0x08000140   0x00000004   Code   RO          617    .ARM.Collect$$$$00002712  mc_w.l(entry2.o)(mc_w.l)
    0x08000144   0x000005dc   Code   RO            1    .text               main.o
    0x08000720   0x0000019c   Code   RO          115    .text               i2c_mpu6050.o
    0x080008bc   0x000007a0   Code   RO          127    .text               kalman.o
    0x0800105c   0x00000544   Code   RO          147    .text               quaternion.o
    0x080015a0   0x0000001a   Code   RO          173    .text               stm32f10x_it.o
    0x080015ba   0x00000002   PAD
    0x080015bc   0x000001c8   Code   RO          188    .text               system_stm32f10x.o
    0x08001784   0x000000f8   Code   RO          206    .text               misc.o
    0x0800187c   0x00000358   Code   RO          218    .text               stm32f10x_gpio.o
    0x08001bd4   0x000003f0   Code   RO          230    .text               stm32f10x_i2c.o
    0x08001fc4   0x000003a4   Code   RO          242    .text               stm32f10x_rcc.o
    0x08002368   0x00000dae   Code   RO          256    .text               stm32f10x_tim.o
    0x08003116   0x00000002   PAD
    0x08003118   0x0000040c   Code   RO          268    .text               stm32f10x_usart.o
    0x08003524   0x00000024   Code   RO          283  * .text               startup_stm32f10x_hd.o
    0x08003548   0x000000b0   Code   RO          587    .text               mf_w.l(fadd.o)(mf_w.l)
    0x080035f8   0x0000006c   Code   RO          589    .text               mf_w.l(fmul.o)(mf_w.l)
    0x08003664   0x00000080   Code   RO          591    .text               mf_w.l(fdiv.o)(mf_w.l)
    0x080036e4   0x000000e2   Code   RO          593    .text               mf_w.l(dmul.o)(mf_w.l)
    0x080037c6   0x000000de   Code   RO          595    .text               mf_w.l(ddiv.o)(mf_w.l)
    0x080038a4   0x00000012   Code   RO          597    .text               mf_w.l(fflti.o)(mf_w.l)
    0x080038b6   0x0000000a   Code   RO          599    .text               mf_w.l(ffltui.o)(mf_w.l)
    0x080038c0   0x0000002c   Code   RO          601    .text               mf_w.l(f2d.o)(mf_w.l)
    0x080038ec   0x00000038   Code   RO          603    .text               mf_w.l(d2f.o)(mf_w.l)
    0x08003924   0x00000014   Code   RO          605    .text               mf_w.l(cfcmple.o)(mf_w.l)
    0x08003938   0x00000014   Code   RO          607    .text               mf_w.l(cfrcmple.o)(mf_w.l)
    0x0800394c   0x0000002c   Code   RO          622    .text               mc_w.l(uidiv.o)(mc_w.l)
    0x08003978   0x00000066   Code   RO          624    .text               mc_w.l(uldiv.o)(mc_w.l)
    0x080039de   0x00000000   Code   RO          633    .text               mc_w.l(iusefp.o)(mc_w.l)
    0x080039de   0x00000070   Code   RO          634    .text               mf_w.l(fepilogue.o)(mf_w.l)
    0x08003a4e   0x000000c2   Code   RO          636    .text               mf_w.l(depilogue.o)(mf_w.l)
    0x08003b10   0x0000014a   Code   RO          638    .text               mf_w.l(dadd.o)(mf_w.l)
    0x08003c5a   0x0000002e   Code   RO          640    .text               mf_w.l(dscalb.o)(mf_w.l)
    0x08003c88   0x000000a0   Code   RO          642    .text               mf_w.l(dsqrt.o)(mf_w.l)
    0x08003d28   0x00000030   Code   RO          644    .text               mf_w.l(dfixul.o)(mf_w.l)
    0x08003d58   0x00000028   Code   RO          648    .text               mf_w.l(cdrcmple.o)(mf_w.l)
    0x08003d80   0x00000024   Code   RO          650    .text               mc_w.l(init.o)(mc_w.l)
    0x08003da4   0x0000001e   Code   RO          652    .text               mc_w.l(llshl.o)(mc_w.l)
    0x08003dc2   0x00000020   Code   RO          654    .text               mc_w.l(llushr.o)(mc_w.l)
    0x08003de2   0x00000024   Code   RO          656    .text               mc_w.l(llsshr.o)(mc_w.l)
    0x08003e06   0x00000002   PAD
    0x08003e08   0x00000020   Code   RO          559    i.__0printf         mc_w.l(printfa.o)(mc_w.l)
    0x08003e28   0x00000028   Code   RO          611    i.__ARM_fpclassify  m_ws.l(fpclassify.o)(m_ws.l)
    0x08003e50   0x000000aa   Code   RO          613    i.__kernel_poly     m_ws.l(poly.o)(m_ws.l)
    0x08003efa   0x00000002   PAD
    0x08003efc   0x00000010   Code   RO          609    i.__mathlib_dbl_underflow  m_ws.l(dunder.o)(m_ws.l)
    0x08003f0c   0x0000000e   Code   RO          660    i.__scatterload_copy  mc_w.l(handlers.o)(mc_w.l)
    0x08003f1a   0x00000002   Code   RO          661    i.__scatterload_null  mc_w.l(handlers.o)(mc_w.l)
    0x08003f1c   0x0000000e   Code   RO          662    i.__scatterload_zeroinit  mc_w.l(handlers.o)(mc_w.l)
    0x08003f2a   0x00000002   PAD
    0x08003f2c   0x0000000c   Code   RO          628    i.__set_errno       mc_w.l(errno.o)(mc_w.l)
    0x08003f38   0x00000154   Code   RO          566    i._fp_digits        mc_w.l(printfa.o)(mc_w.l)
    0x0800408c   0x000006d4   Code   RO          567    i._printf_core      mc_w.l(printfa.o)(mc_w.l)
    0x08004760   0x00000026   Code   RO          568    i._printf_post_padding  mc_w.l(printfa.o)(mc_w.l)
    0x08004786   0x0000002e   Code   RO          569    i._printf_pre_padding  mc_w.l(printfa.o)(mc_w.l)
    0x080047b4   0x00000280   Code   RO          288    i.asin              m_ws.l(asin.o)(m_ws.l)
    0x08004a34   0x00000224   Code   RO          298    i.atan              m_ws.l(atan.o)(m_ws.l)
    0x08004c58   0x00000180   Code   RO          308    i.atan2             m_ws.l(atan2.o)(m_ws.l)
    0x08004dd8   0x0000004a   Code   RO          316    i.sqrt              m_ws.l(sqrt.o)(m_ws.l)
    0x08004e22   0x00000006   PAD
    0x08004e28   0x00000050   Data   RO          289    .constdata          m_ws.l(asin.o)(m_ws.l)
    0x08004e78   0x00000098   Data   RO          299    .constdata          m_ws.l(atan.o)(m_ws.l)
    0x08004f10   0x00000008   Data   RO          615    .constdata          m_ws.l(qnan.o)(m_ws.l)
    0x08004f18   0x00000020   Data   RO          658    Region$$Table       anon$$obj.o


    Execution Region ER_RW (Base: 0x20000000, Size: 0x000000f0, Max: 0xffffffff, ABSOLUTE)

    Base Addr    Size         Type   Attr      Idx    E Section Name        Object

    0x20000000   0x0000002c   Data   RW            2    .data               main.o
    0x2000002c   0x00000070   Data   RW          129    .data               kalman.o
    0x2000009c   0x00000024   Data   RW          148    .data               quaternion.o
    0x200000c0   0x00000014   Data   RW          189    .data               system_stm32f10x.o
    0x200000d4   0x00000014   Data   RW          243    .data               stm32f10x_rcc.o
    0x200000e8   0x00000004   Data   RW          621    .data               mc_w.l(stdout.o)(mc_w.l)
    0x200000ec   0x00000004   Data   RW          629    .data               mc_w.l(errno.o)(mc_w.l)


    Execution Region ER_ZI (Base: 0x200000f0, Size: 0x00000410, Max: 0xffffffff, ABSOLUTE)

    Base Addr    Size         Type   Attr      Idx    E Section Name        Object

    0x200000f0   0x00000010   Zero   RW          128    .bss                kalman.o
    0x20000100   0x00000400   Zero   RW          280    STACK               startup_stm32f10x_hd.o


==============================================================================

Image component sizes


      Code (inc. data)   RO Data    RW Data    ZI Data      Debug   Object Name

         0          0          0          0          0          0   core_cm3.o
       412         14          0          0          0          0   i2c_mpu6050.o
      1952        142          0        112         16          0   kalman.o
      1500        174          0         44          0          0   main.o
       248         30          0          0          0          0   misc.o
      1348         74          0         36          0          0   quaternion.o
        36          8        304          0       1024          0   startup_stm32f10x_hd.o
       856         40          0          0          0          0   stm32f10x_gpio.o
      1008         16          0          0          0          0   stm32f10x_i2c.o
        26          0          0          0          0          0   stm32f10x_it.o
       932         52          0         20          0          0   stm32f10x_rcc.o
      3502         86          0          0          0          0   stm32f10x_tim.o
      1036         20          0          0          0          0   stm32f10x_usart.o
       456         36          0         20          0          0   system_stm32f10x.o

    ----------------------------------------------------------------------
     13316        692        336        232       1040          0   Object Totals
         0          0         32          0          0          0   (incl. Generated)
         4          0          0          0          0          2   (incl. Padding)

    ----------------------------------------------------------------------

      Code (inc. data)   RO Data    RW Data    ZI Data      Debug   Library Member Name

       640         54         80          0          0          0   asin.o
       548         68        152          0          0          0   atan.o
       384         38          0          0          0          0   atan2.o
        16          6          0          0          0          0   dunder.o
        40          0          0          0          0          0   fpclassify.o
       170          0          0          0          0          0   poly.o
         0          0          8          0          0          0   qnan.o
        74          0          0          0          0          0   sqrt.o
         0          0          0          0          0          0   entry.o
         8          4          0          0          0          0   entry2.o
         4          0          0          0          0          0   entry5.o
         8          4          0          0          0          0   entry7.o
        12          6          0          4          0          0   errno.o
        30          0          0          0          0          0   handlers.o
        36          8          0          0          0          0   init.o
         0          0          0          0          0          0   iusefp.o
        30          0          0          0          0          0   llshl.o
        36          0          0          0          0          0   llsshr.o
        32          0          0          0          0          0   llushr.o
      2204         92          0          0          0          0   printfa.o
         0          0          0          4          0          0   stdout.o
        44          0          0          0          0          0   uidiv.o
       102          0          0          0          0          0   uldiv.o
        40          2          0          0          0          0   cdrcmple.o
        20          0          0          0          0          0   cfcmple.o
        20          0          0          0          0          0   cfrcmple.o
        56          0          0          0          0          0   d2f.o
       330          0          0          0          0          0   dadd.o
       222          0          0          0          0          0   ddiv.o
       194          0          0          0          0          0   depilogue.o
        48          0          0          0          0          0   dfixul.o
       226          0          0          0          0          0   dmul.o
        46          0          0          0          0          0   dscalb.o
       160          0          0          0          0          0   dsqrt.o
        44          0          0          0          0          0   f2d.o
       176          0          0          0          0          0   fadd.o
       128          0          0          0          0          0   fdiv.o
       112          0          0          0          0          0   fepilogue.o
        18          0          0          0          0          0   fflti.o
        10          0          0          0          0          0   ffltui.o
       108          0          0          0          0          0   fmul.o

    ----------------------------------------------------------------------
      6388        282        240          8          0          0   Library Totals
        12          0          0          0          0          0   (incl. Padding)

    ----------------------------------------------------------------------

      Code (inc. data)   RO Data    RW Data    ZI Data      Debug   Library Name

      1872        166        240          0          0        764   m_ws.l
      2546        114          0          8          0        972   mc_w.l
      1958          2          0          0          0       1744   mf_w.l

    ----------------------------------------------------------------------
      6388        282        240          8          0          0   Library Totals

    ----------------------------------------------------------------------

==============================================================================


      Code (inc. data)   RO Data    RW Data    ZI Data      Debug   

     19704        974        576        240       1040     330720   Grand Totals
     19704        974        576        240       1040     330720   ELF Image Totals
     19704        974        576        240          0          0   ROM Totals

==============================================================================

    Total RO  Size (Code + RO Data)                20280 (  19.80kB)
    Total RW  Size (RW Data + ZI Data)              1280 (   1.25kB)
    Total ROM Size (Code + RO Data + RW Data)      20520 (  20.04kB)

==============================================================================

