<html>
<body>
<pre>
<h1>µVision Build Log</h1>
<h2>Project:</h2>
E:\MyProgram\C\ARM\STM32F103ZE_Aircraft\Object\Project.uvproj
Project File Date:  05/03/2017

<h2>Output:</h2>
Build target 'Target 1'
compiling main.c...
compiling I2C_MPU6050.c...
compiling kalman.c...
compiling core_cm3.c...
compiling stm32f10x_it.c...
compiling system_stm32f10x.c...
compiling misc.c...
compiling stm32f10x_gpio.c...
compiling stm32f10x_i2c.c...
compiling stm32f10x_rcc.c...
compiling stm32f10x_tim.c...
compiling stm32f10x_usart.c...
assembling startup_stm32f10x_hd.s...
linking...
Program Size: Code=14648 RO-data=488 RW-data=256 ZI-data=1040  
FromELF: creating hex file...
"..\Output\Project.axf" - 0 Error(s), 0 Warning(s).
